******************************************************************************
                  TI ARM Linker PC v18.12.1                    
******************************************************************************
>> Linked Fri May 31 04:15:05 2019

OUTPUT FILE NAME:   <Node3.out>
ENTRY POINT SYMBOL: "_c_int00_noargs"  address: 000022d5


MEMORY CONFIGURATION

         name            origin    length      used     unused   attr    fill
----------------------  --------  ---------  --------  --------  ----  --------
  FLASH                 00000000   00040000  00002a94  0003d56c  R  X
  SRAM                  20000000   00008000  00007c44  000003bc  RW X


SEGMENT ALLOCATION MAP

run origin  load origin   length   init length attrs members
----------  ----------- ---------- ----------- ----- -------
00000000    00000000    00002a98   00002a98    r-x
  00000000    00000000    0000026c   0000026c    r-- .intvecs
  0000026c    0000026c    0000249c   0000249c    r-x .text
  00002708    00002708    00000334   00000334    r-- .const
  00002a40    00002a40    00000058   00000058    r-- .cinit
20000000    20000000    00007c48   00000000    rw-
  20000000    20000000    0000026c   00000000    rw- .vtable
  2000026c    2000026c    00007778   00000000    rw- .bss
  200079e8    200079e8    00000200   00000000    rw- .stack
  20007be8    20007be8    00000060   00000000    rw- .data


SECTION ALLOCATION MAP

 output                                  attributes/
section   page    origin      length       input sections
--------  ----  ----------  ----------   ----------------
.intvecs   0    00000000    0000026c     
                  00000000    0000026c     startup_ccs.obj (.intvecs)

.text      0    0000026c    0000249c     
                  0000026c    000001ea     uartstdio.obj (.text:UARTvprintf)
                  00000456    00000136     driverlib.lib : can.obj (.text:CANMessageSet)
                  0000058c    00000132                   : gpio.obj (.text:GPIOPadConfigSet)
                  000006be    00000002     startup_ccs.obj (.text:FaultISR)
                  000006c0    00000128     Driver_can.obj (.text:CanInt)
                  000007e8    00000124     Driver_can.obj (.text:CANInterruptHandler)
                  0000090c    00000118     queue.obj (.text:xQueueGenericReceive)
                  00000a24    00000104     tasks.obj (.text:xTaskIncrementTick)
                  00000b28    00000100     tasks.obj (.text:xTaskGenericCreate)
                  00000c28    000000e8     queue.obj (.text:xQueueGenericSend)
                  00000d10    000000e4     tasks.obj (.text:xTaskResumeAll)
                  00000df4    000000d2     portasm.obj (.text)
                  00000ec6    00000002     startup_ccs.obj (.text:IntDefaultHandler)
                  00000ec8    000000c4     Node3.obj (.text:main)
                  00000f8c    000000ac     heap_2.obj (.text:pvPortMalloc)
                  00001038    0000009c     rtsv7M4_T_le_v4SPD16_eabi.lib : memcpy_t2.asm.obj (.text)
                  000010d4    00000090     tasks.obj (.text:vTaskPriorityInherit)
                  00001164    0000008c     tasks.obj (.text:vTaskSwitchContext)
                  000011f0    00000084     Port_Init.obj (.text:PORTF_init)
                  00001274    00000084     Driver_UART.obj (.text:UARTInterruptHandler)
                  000012f8    00000084     tasks.obj (.text:vTaskDelayUntil)
                  0000137c    00000084     queue.obj (.text:xQueueGenericReset)
                  00001400    00000080     Driver_UART.obj (.text:InitConsole)
                  00001480    00000080     led_task.obj (.text:LEDTaskInit)
                  00001500    0000007a     rtsv7M4_T_le_v4SPD16_eabi.lib : memset_t2.asm.obj (.text)
                  0000157a    00000002     startup_ccs.obj (.text:NmiSR)
                  0000157c    00000078     tasks.obj (.text:xTaskPriorityDisinherit)
                  000015f4    00000074     tasks.obj (.text:xTaskRemoveFromEventList)
                  00001668    00000072     queue.obj (.text:prvCopyDataToQueue)
                  000016da    00000002     rtsv7M4_T_le_v4SPD16_eabi.lib : div0.asm.obj (.text)
                  000016dc    00000068     driverlib.lib : interrupt.obj (.text:IntEnable)
                  00001744    00000068     led_task.obj (.text:LEDTaskStartup)
                  000017ac    00000068     rtsv7M4_T_le_v4SPD16_eabi.lib : copy_decompress_lzss.c.obj (.text:decompress:lzss:__TI_decompress_lzss)
                  00001814    00000064     tasks.obj (.text:vTaskPlaceOnEventList)
                  00001878    00000062     queue.obj (.text:prvUnlockQueue)
                  000018da    00000002     Node3.obj (.text:vApplicationStackOverflowHook)
                  000018dc    00000060     led_task.obj (.text:LEDTaskNormal)
                  0000193c    00000060     uartstdio.obj (.text:UARTStdioConfig)
                  0000199c    00000060     tasks.obj (.text:prvInitialiseTaskLists)
                  000019fc    00000060     tasks.obj (.text:vTaskStartScheduler)
                  00001a5c    0000005c     driverlib.lib : can.obj (.text:_CANIntNumberGet)
                  00001ab8    0000005c     queue.obj (.text:xQueueGenericSendFromISR)
                  00001b14    00000058     tasks.obj (.text:prvCheckTasksWaitingTermination)
                  00001b6c    00000056     driverlib.lib : gpio.obj (.text:GPIOIntTypeSet)
                  00001bc2    00000056     tasks.obj (.text:prvInitialiseTCBVariables)
                  00001c18    00000056     queue.obj (.text:xQueueGiveFromISR)
                  00001c6e    00000002     --HOLE-- [fill = 0]
                  00001c70    00000054     tasks.obj (.text:xTaskCheckForTimeOut)
                  00001cc4    0000004e     queue.obj (.text:xQueueCreateMutex)
                  00001d12    00000002     --HOLE-- [fill = 0]
                  00001d14    0000004c     Driver_UART.obj (.text:GetDistanceTask)
                  00001d60    0000004c     tasks.obj (.text:prvAddCurrentTaskToDelayedList)
                  00001dac    00000048     driverlib.lib : gpio.obj (.text:GPIOPinConfigure)
                  00001df4    00000048     Driver_can.obj (.text:SendDistanceTask)
                  00001e3c    00000048     Driver_can.obj (.text:SendTokenTask)
                  00001e84    00000048     uartstdio.obj (.text:UARTwrite)
                  00001ecc    00000044     driverlib.lib : gpio.obj (.text:_GPIOIntNumberGet)
                  00001f10    00000044     rtsv7M4_T_le_v4SPD16_eabi.lib : autoinit.c.obj (.text:__TI_auto_init_nobinit_nopinit:__TI_auto_init_nobinit_nopinit)
                  00001f54    00000044     heap_2.obj (.text:vPortFree)
                  00001f98    00000040     driverlib.lib : can.obj (.text:CANStatusGet)
                  00001fd8    00000040                   : uart.obj (.text:_UARTIntNumberGet)
                  00002018    00000040     rtsv7M4_T_le_v4SPD16_eabi.lib : u_divt2.asm.obj (.text)
                  00002058    00000040     port.obj (.text:xPortStartScheduler)
                  00002098    0000003c     Driver_can.obj (.text:CANDistanceTaskInit)
                  000020d4    0000003c     Driver_can.obj (.text:CANTokenTaskInit)
                  00002110    0000003c     Driver_UART.obj (.text:UART_Init)
                  0000214c    0000003c     queue.obj (.text:xQueueGenericCreate)
                  00002188    0000003a     driverlib.lib : can.obj (.text:CANInit)
                  000021c2    0000003a     tasks.obj (.text:prvAllocateTCBAndStack)
                  000021fc    00000038     Driver_can.obj (.text:SendDistance)
                  00002234    00000038     list.obj (.text:vListInsert)
                  0000226c    00000034     driverlib.lib : interrupt.obj (.text:IntRegister)
                  000022a0    00000034                   : sysctl.obj (.text:SysCtlPeripheralEnable)
                  000022d4    00000034     rtsv7M4_T_le_v4SPD16_eabi.lib : boot_cortex_m.c.obj (.text:_c_int00_noargs:_c_int00_noargs)
                  00002308    00000030     heap_2.obj (.text:prvHeapInit)
                  00002338    0000002c     port.obj (.text:xPortSysTickHandler)
                  00002364    0000002a     driverlib.lib : gpio.obj (.text:GPIODirModeSet)
                  0000238e    00000002     --HOLE-- [fill = 0]
                  00002390    00000028     tasks.obj (.text:prvResetNextTaskUnblockTime)
                  000023b8    00000028     port.obj (.text:pxPortInitialiseStack)
                  000023e0    00000026     queue.obj (.text:prvCopyDataFromQueue)
                  00002406    00000024     driverlib.lib : can.obj (.text:_CANDataRegWrite)
                  0000242a    00000022                   : can.obj (.text:CANIntClear)
                  0000244c    00000020                   : can.obj (.text:CANIntStatus)
                  0000246c    00000020     list.obj (.text:uxListRemove)
                  0000248c    0000001c     Port_Init.obj (.text:GPIOF_Handler)
                  000024a8    0000001c     queue.obj (.text:prvIsQueueFull)
                  000024c4    0000001c     port.obj (.text:vPortEnterCritical)
                  000024e0    0000001a     uartstdio.obj (.text:UARTprintf)
                  000024fa    0000001a     queue.obj (.text:prvIsQueueEmpty)
                  00002514    00000018     driverlib.lib : can.obj (.text:CANIntRegister)
                  0000252c    00000018                   : gpio.obj (.text:GPIOIntRegister)
                  00002544    00000018                   : gpio.obj (.text:GPIOPinTypeGPIOOutput)
                  0000255c    00000018                   : uart.obj (.text:UARTIntRegister)
                  00002574    00000018     tasks.obj (.text:pvTaskIncrementMutexHeldCount)
                  0000258c    00000018     list.obj (.text:vListInsertEnd)
                  000025a4    00000018     port.obj (.text:vPortExitCritical)
                  000025bc    00000018     tasks.obj (.text:vTaskSetTimeOutState)
                  000025d4    00000016     list.obj (.text:vListInitialise)
                  000025ea    00000002     --HOLE-- [fill = 0]
                  000025ec    00000014     port.obj (.text:vPortSetupTimerInterrupt)
                  00002600    00000012     driverlib.lib : gpio.obj (.text:GPIOPinTypeCAN)
                  00002612    00000012                   : gpio.obj (.text:GPIOPinTypeGPIOInput)
                  00002624    00000012                   : gpio.obj (.text:GPIOPinTypeUART)
                  00002636    00000012     tasks.obj (.text:prvDeleteTCB)
                  00002648    00000010     port.obj (.text:prvTaskExitError)
                  00002658    00000010     tasks.obj (.text:vTaskSuspendAll)
                  00002668    0000000e     driverlib.lib : uart.obj (.text:UARTCharsAvail)
                  00002676    0000000e     rtsv7M4_T_le_v4SPD16_eabi.lib : copy_decompress_none.c.obj (.text:decompress:none:__TI_decompress_none)
                  00002684    0000000c     driverlib.lib : gpio.obj (.text:GPIOIntEnable)
                  00002690    0000000c     rtsv7M4_T_le_v4SPD16_eabi.lib : copy_zero_init.c.obj (.text:decompress:ZI:__TI_zero_init)
                  0000269c    0000000c     tasks.obj (.text:vTaskMissedYield)
                  000026a8    0000000c     tasks.obj (.text:xTaskGetTickCount)
                  000026b4    0000000a     driverlib.lib : can.obj (.text:CANEnable)
                  000026be    0000000a                   : uart.obj (.text:UARTCharGet)
                  000026c8    0000000a                   : uart.obj (.text:UARTFIFOEnable)
                  000026d2    00000008                   : can.obj (.text:CANIntEnable)
                  000026da    00000008     tasks.obj (.text:prvIdleTask)
                  000026e2    00000006     driverlib.lib : gpio.obj (.text:GPIOIntClear)
                  000026e8    00000006                   : gpio.obj (.text:GPIOPinWrite)
                  000026ee    00000006     startup_ccs.obj (.text:ResetISR)
                  000026f4    00000006     driverlib.lib : uart.obj (.text:UARTClockSourceSet)
                  000026fa    00000006     list.obj (.text:vListInitialiseItem)
                  00002700    00000004     rtsv7M4_T_le_v4SPD16_eabi.lib : pre_init.c.obj (.text:_system_pre_init)
                  00002704    00000004                                   : exit.c.obj (.text:abort:abort)

.const     0    00002708    00000334     
                  00002708    000000d8     driverlib.lib : gpio.obj (.const:g_ppui32GPIOIntMapSnowflake)
                  000027e0    000000c0                   : gpio.obj (.const:g_ppui32GPIOIntMapBlizzard)
                  000028a0    00000090                   : gpio.obj (.const:g_pui32GPIOBaseAddrs)
                  00002930    00000070                   : interrupt.obj (.const)
                  000029a0    00000040                   : uart.obj (.const:g_ppui32UARTIntMap)
                  000029e0    00000040                   : uart.obj (.const:g_ppui32UARTIntMapSnowflake)
                  00002a20    0000000c     uartstdio.obj (.const:g_ui32UARTBase)
                  00002a2c    0000000c     uartstdio.obj (.const:g_ui32UARTPeriph)
                  00002a38    00000004     port.obj (.const)

.cinit     0    00002a40    00000058     
                  00002a40    00000023     (.cinit..data.load) [load image, compression = lzss]
                  00002a63    00000001     --HOLE-- [fill = 0]
                  00002a64    0000000c     (__TI_handler_table)
                  00002a70    00000008     (.cinit..bss.load) [load image, compression = zero_init]
                  00002a78    00000008     (.cinit..vtable.load) [load image, compression = zero_init]
                  00002a80    00000018     (__TI_cinit_table)

.init_array 
*          0    00000000    00000000     UNINITIALIZED

.vtable    0    20000000    0000026c     UNINITIALIZED
                  20000000    0000026c     driverlib.lib : interrupt.obj (.vtable)

.bss       0    2000026c    00007778     UNINITIALIZED
                  2000026c    00007530     heap_2.obj (.bss:ucHeap)
                  2000779c    00000140     tasks.obj (.bss:pxReadyTasksLists)
                  200078dc    00000014     tasks.obj (.bss:xDelayedTaskList1)
                  200078f0    00000014     tasks.obj (.bss:xDelayedTaskList2)
                  20007904    00000014     tasks.obj (.bss:xPendingReadyList)
                  20007918    00000014     tasks.obj (.bss:xSuspendedTaskList)
                  2000792c    00000014     tasks.obj (.bss:xTasksWaitingTermination)
                  20007940    00000014     (.common:g_sCANMsgObject1)
                  20007954    00000014     (.common:g_sCANMsgObject2)
                  20007968    00000014     (.common:g_sCANMsgObject3)
                  2000797c    00000014     (.common:g_sCANMsgObject4)
                  20007990    00000014     (.common:g_sCANMsgObject5)
                  200079a4    00000008     tasks.obj (.bss)
                  200079ac    00000008     heap_2.obj (.bss:xEnd)
                  200079b4    00000008     heap_2.obj (.bss:xStart)
                  200079bc    00000008     (.common:g_pui8Msg1)
                  200079c4    00000008     (.common:g_pui8Msg5)
                  200079cc    00000004     (.common:UART_RXSem)
                  200079d0    00000004     (.common:can_ReceiveSem)
                  200079d4    00000004     (.common:can_SendDistSem)
                  200079d8    00000004     (.common:can_SendSem)
                  200079dc    00000004     (.common:g_pUARTSemaphore)
                  200079e0    00000004     (.common:xRxQueue)

.data      0    20007be8    00000060     UNINITIALIZED
                  20007be8    00000030     tasks.obj (.data)
                  20007c18    0000000c     Driver_can.obj (.data)
                  20007c24    00000008     Driver_UART.obj (.data)
                  20007c2c    00000008     heap_2.obj (.data)
                  20007c34    00000008     led_task.obj (.data)
                  20007c3c    00000005     uartstdio.obj (.data)
                  20007c41    00000001     Port_Init.obj (.data)
                  20007c42    00000002     --HOLE--
                  20007c44    00000004     port.obj (.data)

.stack     0    200079e8    00000200     UNINITIALIZED
                  200079e8    00000004     rtsv7M4_T_le_v4SPD16_eabi.lib : boot_cortex_m.c.obj (.stack)
                  200079ec    000001fc     --HOLE--

MODULE SUMMARY

       Module                       code   ro data   rw data
       ------                       ----   -------   -------
    .\
       Driver_can.obj               908    0         144    
       startup_ccs.obj              12     620       0      
       Driver_UART.obj              396    0         12     
       led_task.obj                 328    0         8      
       Node3.obj                    198    0         4      
       Port_Init.obj                160    0         1      
    +--+----------------------------+------+---------+---------+
       Total:                       2002   620       169    
                                                            
    .\third_party\FreeRTOS\Source\
       tasks.obj                    2234   0         476    
       queue.obj                    1264   0         0      
       list.obj                     140    0         0      
    +--+----------------------------+------+---------+---------+
       Total:                       3638   0         476    
                                                            
    .\third_party\FreeRTOS\Source\portable\CCS\ARM_CM4F\
       port.obj                     236    4         4      
       portasm.obj                  210    0         0      
    +--+----------------------------+------+---------+---------+
       Total:                       446    4         4      
                                                            
    .\third_party\FreeRTOS\Source\portable\MemMang\
       heap_2.obj                   288    0         30024  
    +--+----------------------------+------+---------+---------+
       Total:                       288    0         30024  
                                                            
    .\utils\
       uartstdio.obj                684    24        5      
    +--+----------------------------+------+---------+---------+
       Total:                       684    24        5      
                                                            
    E:/merged_partition_content/Programs/ti/driverlib/ccs/Debug/driverlib.lib
       gpio.obj                     700    552       0      
       interrupt.obj                156    112       620    
       can.obj                      668    0         0      
       uart.obj                     128    128       0      
       sysctl.obj                   52     0         0      
    +--+----------------------------+------+---------+---------+
       Total:                       1704   792       620    
                                                            
    E:\merged_partition_content\Programs\ccs\tools\compiler\ti-cgt-arm_18.12.1.LTS\lib\rtsv7M4_T_le_v4SPD16_eabi.lib
       memcpy_t2.asm.obj            156    0         0      
       memset_t2.asm.obj            122    0         0      
       copy_decompress_lzss.c.obj   104    0         0      
       autoinit.c.obj               68     0         0      
       u_divt2.asm.obj              64     0         0      
       boot_cortex_m.c.obj          52     0         0      
       copy_decompress_none.c.obj   14     0         0      
       copy_zero_init.c.obj         12     0         0      
       exit.c.obj                   4      0         0      
       pre_init.c.obj               4      0         0      
       div0.asm.obj                 2      0         0      
    +--+----------------------------+------+---------+---------+
       Total:                       602    0         0      
                                                            
       Stack:                       0      0         512    
       Linker Generated:            0      87        0      
    +--+----------------------------+------+---------+---------+
       Grand Total:                 9364   1527      31810  


LINKER GENERATED COPY TABLES

__TI_cinit_table @ 00002a80 records: 3, size/record: 8, table size: 24
	.data: load addr=00002a40, load size=00000023 bytes, run addr=20007be8, run size=00000060 bytes, compression=lzss
	.bss: load addr=00002a70, load size=00000008 bytes, run addr=2000026c, run size=00007778 bytes, compression=zero_init
	.vtable: load addr=00002a78, load size=00000008 bytes, run addr=20000000, run size=0000026c bytes, compression=zero_init


LINKER GENERATED HANDLER TABLE

__TI_handler_table @ 00002a64 records: 3, size/record: 4, table size: 12
	index: 0, handler: __TI_zero_init
	index: 1, handler: __TI_decompress_lzss
	index: 2, handler: __TI_decompress_none


GLOBAL SYMBOLS: SORTED ALPHABETICALLY BY Name 

address   name                          
-------   ----                          
00002705  C$$EXIT                       
00002099  CANDistanceTaskInit           
000026b5  CANEnable                     
00002189  CANInit                       
0000242b  CANIntClear                   
000026d3  CANIntEnable                  
00002515  CANIntRegister                
0000244d  CANIntStatus                  
00000457  CANMessageSet                 
00001f99  CANStatusGet                  
000020d5  CANTokenTaskInit              
000006c1  CanInt                        
20007c28  Distance                      
00002365  GPIODirModeSet                
0000248d  GPIOF_Handler                 
000026e3  GPIOIntClear                  
00002685  GPIOIntEnable                 
0000252d  GPIOIntRegister               
00001b6d  GPIOIntTypeSet                
0000058d  GPIOPadConfigSet              
00001dad  GPIOPinConfigure              
00002601  GPIOPinTypeCAN                
00002613  GPIOPinTypeGPIOInput          
00002545  GPIOPinTypeGPIOOutput         
00002625  GPIOPinTypeUART               
000026e9  GPIOPinWrite                  
00001401  InitConsole                   
000016dd  IntEnable                     
0000226d  IntRegister                   
20007c41  Int_flag                      
00001481  LEDTaskInit                   
000011f1  PORTF_init                    
000026ef  ResetISR                      
000021fd  SendDistance                  
000022a1  SysCtlPeripheralEnable        
000026bf  UARTCharGet                   
00002669  UARTCharsAvail                
000026f5  UARTClockSourceSet            
000026c9  UARTFIFOEnable                
0000255d  UARTIntRegister               
00001275  UARTInterruptHandler          
0000193d  UARTStdioConfig               
00002111  UART_Init                     
200079cc  UART_RXSem                    
000024e1  UARTprintf                    
0000026d  UARTvprintf                   
00001e85  UARTwrite                     
20007be8  __STACK_END                   
00000200  __STACK_SIZE                  
20007be8  __STACK_TOP                   
00002a80  __TI_CINIT_Base               
00002a98  __TI_CINIT_Limit              
00002a64  __TI_Handler_Table_Base       
00002a70  __TI_Handler_Table_Limit      
00001f11  __TI_auto_init_nobinit_nopinit
000017ad  __TI_decompress_lzss          
00002677  __TI_decompress_none          
ffffffff  __TI_pprof_out_hndl           
ffffffff  __TI_prof_data_size           
ffffffff  __TI_prof_data_start          
00000000  __TI_static_base__            
00002691  __TI_zero_init                
000016db  __aeabi_idiv0                 
000016db  __aeabi_ldiv0                 
00001501  __aeabi_memclr                
00001501  __aeabi_memclr4               
00001501  __aeabi_memclr8               
00001039  __aeabi_memcpy                
00001039  __aeabi_memcpy4               
00001039  __aeabi_memcpy8               
00001503  __aeabi_memset                
00001503  __aeabi_memset4               
00001503  __aeabi_memset8               
00002019  __aeabi_uidiv                 
00002019  __aeabi_uidivmod              
ffffffff  __binit__                     
ffffffff  __c_args__                    
UNDEFED   __mpu_init                    
200079e8  __stack                       
000022d5  _c_int00_noargs               
UNDEFED   _system_post_cinit            
00002701  _system_pre_init              
00002705  abort                         
ffffffff  binit                         
200079d0  can_ReceiveSem                
200079d4  can_SendDistSem               
200079d8  can_SendSem                   
20007c18  g_bErrFlag                    
200079dc  g_pUARTSemaphore              
20000000  g_pfnRAMVectors               
00000000  g_pfnVectors                  
200079bc  g_pui8Msg1                    
200079c4  g_pui8Msg5                    
20007940  g_sCANMsgObject1              
20007954  g_sCANMsgObject2              
20007968  g_sCANMsgObject3              
2000797c  g_sCANMsgObject4              
20007990  g_sCANMsgObject5              
00000ec9  main                          
00001039  memcpy                        
00001509  memset                        
00000f8d  pvPortMalloc                  
00002575  pvTaskIncrementMutexHeldCount 
20007be8  pxCurrentTCB                  
000023b9  pxPortInitialiseStack         
00002a38  ulMaxSyscallInterruptPriority 
00000e05  ulPortGetIPSR                 
0000246d  uxListRemove                  
000018db  vApplicationStackOverflowHook 
000025d5  vListInitialise               
000026fb  vListInitialiseItem           
00002235  vListInsert                   
0000258d  vListInsertEnd                
00000eb9  vPortEnableVFP                
000024c5  vPortEnterCritical            
000025a5  vPortExitCritical             
00001f55  vPortFree                     
00000e7d  vPortSVCHandler               
000025ed  vPortSetupTimerInterrupt      
00000e9d  vPortStartFirstTask           
000012f9  vTaskDelayUntil               
0000269d  vTaskMissedYield              
00001815  vTaskPlaceOnEventList         
000010d5  vTaskPriorityInherit          
000025bd  vTaskSetTimeOutState          
000019fd  vTaskStartScheduler           
00002659  vTaskSuspendAll               
00001165  vTaskSwitchContext            
20007c24  xGetDistanceHandle            
20007c34  xNormalHandle                 
00000e1d  xPortPendSVHandler            
00002059  xPortStartScheduler           
00002339  xPortSysTickHandler           
00001cc5  xQueueCreateMutex             
0000214d  xQueueGenericCreate           
0000090d  xQueueGenericReceive          
0000137d  xQueueGenericReset            
00000c29  xQueueGenericSend             
00001ab9  xQueueGenericSendFromISR      
00001c19  xQueueGiveFromISR             
200079e0  xRxQueue                      
20007c20  xSendDistanceHandle           
20007c1c  xSendTokenHandle              
20007c38  xStartupHandle                
00001c71  xTaskCheckForTimeOut          
00000b29  xTaskGenericCreate            
000026a9  xTaskGetTickCount             
00000a25  xTaskIncrementTick            
0000157d  xTaskPriorityDisinherit       
000015f5  xTaskRemoveFromEventList      
00000d11  xTaskResumeAll                


GLOBAL SYMBOLS: SORTED BY Symbol Address 

address   name                          
-------   ----                          
00000000  __TI_static_base__            
00000000  g_pfnVectors                  
00000200  __STACK_SIZE                  
0000026d  UARTvprintf                   
00000457  CANMessageSet                 
0000058d  GPIOPadConfigSet              
000006c1  CanInt                        
0000090d  xQueueGenericReceive          
00000a25  xTaskIncrementTick            
00000b29  xTaskGenericCreate            
00000c29  xQueueGenericSend             
00000d11  xTaskResumeAll                
00000e05  ulPortGetIPSR                 
00000e1d  xPortPendSVHandler            
00000e7d  vPortSVCHandler               
00000e9d  vPortStartFirstTask           
00000eb9  vPortEnableVFP                
00000ec9  main                          
00000f8d  pvPortMalloc                  
00001039  __aeabi_memcpy                
00001039  __aeabi_memcpy4               
00001039  __aeabi_memcpy8               
00001039  memcpy                        
000010d5  vTaskPriorityInherit          
00001165  vTaskSwitchContext            
000011f1  PORTF_init                    
00001275  UARTInterruptHandler          
000012f9  vTaskDelayUntil               
0000137d  xQueueGenericReset            
00001401  InitConsole                   
00001481  LEDTaskInit                   
00001501  __aeabi_memclr                
00001501  __aeabi_memclr4               
00001501  __aeabi_memclr8               
00001503  __aeabi_memset                
00001503  __aeabi_memset4               
00001503  __aeabi_memset8               
00001509  memset                        
0000157d  xTaskPriorityDisinherit       
000015f5  xTaskRemoveFromEventList      
000016db  __aeabi_idiv0                 
000016db  __aeabi_ldiv0                 
000016dd  IntEnable                     
000017ad  __TI_decompress_lzss          
00001815  vTaskPlaceOnEventList         
000018db  vApplicationStackOverflowHook 
0000193d  UARTStdioConfig               
000019fd  vTaskStartScheduler           
00001ab9  xQueueGenericSendFromISR      
00001b6d  GPIOIntTypeSet                
00001c19  xQueueGiveFromISR             
00001c71  xTaskCheckForTimeOut          
00001cc5  xQueueCreateMutex             
00001dad  GPIOPinConfigure              
00001e85  UARTwrite                     
00001f11  __TI_auto_init_nobinit_nopinit
00001f55  vPortFree                     
00001f99  CANStatusGet                  
00002019  __aeabi_uidiv                 
00002019  __aeabi_uidivmod              
00002059  xPortStartScheduler           
00002099  CANDistanceTaskInit           
000020d5  CANTokenTaskInit              
00002111  UART_Init                     
0000214d  xQueueGenericCreate           
00002189  CANInit                       
000021fd  SendDistance                  
00002235  vListInsert                   
0000226d  IntRegister                   
000022a1  SysCtlPeripheralEnable        
000022d5  _c_int00_noargs               
00002339  xPortSysTickHandler           
00002365  GPIODirModeSet                
000023b9  pxPortInitialiseStack         
0000242b  CANIntClear                   
0000244d  CANIntStatus                  
0000246d  uxListRemove                  
0000248d  GPIOF_Handler                 
000024c5  vPortEnterCritical            
000024e1  UARTprintf                    
00002515  CANIntRegister                
0000252d  GPIOIntRegister               
00002545  GPIOPinTypeGPIOOutput         
0000255d  UARTIntRegister               
00002575  pvTaskIncrementMutexHeldCount 
0000258d  vListInsertEnd                
000025a5  vPortExitCritical             
000025bd  vTaskSetTimeOutState          
000025d5  vListInitialise               
000025ed  vPortSetupTimerInterrupt      
00002601  GPIOPinTypeCAN                
00002613  GPIOPinTypeGPIOInput          
00002625  GPIOPinTypeUART               
00002659  vTaskSuspendAll               
00002669  UARTCharsAvail                
00002677  __TI_decompress_none          
00002685  GPIOIntEnable                 
00002691  __TI_zero_init                
0000269d  vTaskMissedYield              
000026a9  xTaskGetTickCount             
000026b5  CANEnable                     
000026bf  UARTCharGet                   
000026c9  UARTFIFOEnable                
000026d3  CANIntEnable                  
000026e3  GPIOIntClear                  
000026e9  GPIOPinWrite                  
000026ef  ResetISR                      
000026f5  UARTClockSourceSet            
000026fb  vListInitialiseItem           
00002701  _system_pre_init              
00002705  C$$EXIT                       
00002705  abort                         
00002a38  ulMaxSyscallInterruptPriority 
00002a64  __TI_Handler_Table_Base       
00002a70  __TI_Handler_Table_Limit      
00002a80  __TI_CINIT_Base               
00002a98  __TI_CINIT_Limit              
20000000  g_pfnRAMVectors               
20007940  g_sCANMsgObject1              
20007954  g_sCANMsgObject2              
20007968  g_sCANMsgObject3              
2000797c  g_sCANMsgObject4              
20007990  g_sCANMsgObject5              
200079bc  g_pui8Msg1                    
200079c4  g_pui8Msg5                    
200079cc  UART_RXSem                    
200079d0  can_ReceiveSem                
200079d4  can_SendDistSem               
200079d8  can_SendSem                   
200079dc  g_pUARTSemaphore              
200079e0  xRxQueue                      
200079e8  __stack                       
20007be8  __STACK_END                   
20007be8  __STACK_TOP                   
20007be8  pxCurrentTCB                  
20007c18  g_bErrFlag                    
20007c1c  xSendTokenHandle              
20007c20  xSendDistanceHandle           
20007c24  xGetDistanceHandle            
20007c28  Distance                      
20007c34  xNormalHandle                 
20007c38  xStartupHandle                
20007c41  Int_flag                      
ffffffff  __TI_pprof_out_hndl           
ffffffff  __TI_prof_data_size           
ffffffff  __TI_prof_data_start          
ffffffff  __binit__                     
ffffffff  __c_args__                    
ffffffff  binit                         
UNDEFED   __mpu_init                    
UNDEFED   _system_post_cinit            

[151 symbols]
