******************************************************************************
                  TI ARM Linker PC v18.12.1                    
******************************************************************************
>> Linked Fri May 31 03:44:01 2019

OUTPUT FILE NAME:   <Node2.out>
ENTRY POINT SYMBOL: "_c_int00_noargs"  address: 000021c9


MEMORY CONFIGURATION

         name            origin    length      used     unused   attr    fill
----------------------  --------  ---------  --------  --------  ----  --------
  FLASH                 00000000   00040000  000028e0  0003d720  R  X
  SRAM                  20000000   00008000  00007c30  000003d0  RW X


SEGMENT ALLOCATION MAP

run origin  load origin   length   init length attrs members
----------  ----------- ---------- ----------- ----- -------
00000000    00000000    000028e0   000028e0    r-x
  00000000    00000000    0000026c   0000026c    r-- .intvecs
  0000026c    0000026c    00002370   00002370    r-x .text
  000025dc    000025dc    000002b4   000002b4    r-- .const
  00002890    00002890    00000050   00000050    r-- .cinit
20000000    20000000    00007c30   00000000    rw-
  20000000    20000000    0000026c   00000000    rw- .vtable
  2000026c    2000026c    0000776c   00000000    rw- .bss
  200079d8    200079d8    00000200   00000000    rw- .stack
  20007bd8    20007bd8    00000058   00000000    rw- .data


SECTION ALLOCATION MAP

 output                                  attributes/
section   page    origin      length       input sections
--------  ----  ----------  ----------   ----------------
.intvecs   0    00000000    0000026c     
                  00000000    0000026c     startup_ccs.obj (.intvecs)

.text      0    0000026c    00002370     
                  0000026c    000001ea     uartstdio.obj (.text:UARTvprintf)
                  00000456    00000136     driverlib.lib : can.obj (.text:CANMessageSet)
                  0000058c    00000132                   : gpio.obj (.text:GPIOPadConfigSet)
                  000006be    00000002     startup_ccs.obj (.text:FaultISR)
                  000006c0    00000124     Driver_can.obj (.text:CanInt)
                  000007e4    00000118     queue.obj (.text:xQueueGenericReceive)
                  000008fc    00000114     Driver_can.obj (.text:CANInterruptHandler)
                  00000a10    0000010e     driverlib.lib : can.obj (.text:CANMessageGet)
                  00000b1e    00000002     startup_ccs.obj (.text:IntDefaultHandler)
                  00000b20    00000104     tasks.obj (.text:xTaskIncrementTick)
                  00000c24    00000100     tasks.obj (.text:xTaskGenericCreate)
                  00000d24    000000e8     queue.obj (.text:xQueueGenericSend)
                  00000e0c    000000e4     tasks.obj (.text:xTaskResumeAll)
                  00000ef0    000000d2     portasm.obj (.text)
                  00000fc2    00000002     startup_ccs.obj (.text:NmiSR)
                  00000fc4    000000ac     Node2.obj (.text:main)
                  00001070    000000ac     heap_2.obj (.text:pvPortMalloc)
                  0000111c    0000009c     rtsv7M4_T_le_v4SPD16_eabi.lib : memcpy_t2.asm.obj (.text)
                  000011b8    00000090     tasks.obj (.text:vTaskPriorityInherit)
                  00001248    0000008c     tasks.obj (.text:vTaskSwitchContext)
                  000012d4    00000084     tasks.obj (.text:vTaskDelayUntil)
                  00001358    00000084     queue.obj (.text:xQueueGenericReset)
                  000013dc    0000007a     rtsv7M4_T_le_v4SPD16_eabi.lib : memset_t2.asm.obj (.text)
                  00001456    00000002                                   : div0.asm.obj (.text)
                  00001458    00000078     tasks.obj (.text:xTaskPriorityDisinherit)
                  000014d0    00000074     tasks.obj (.text:xTaskRemoveFromEventList)
                  00001544    00000072     queue.obj (.text:prvCopyDataToQueue)
                  000015b6    00000002     Node2.obj (.text:vApplicationStackOverflowHook)
                  000015b8    0000006c     led_task.obj (.text:LEDTaskInit)
                  00001624    00000068     driverlib.lib : interrupt.obj (.text:IntEnable)
                  0000168c    00000068     Port_Init.obj (.text:PORTF_init)
                  000016f4    00000068     rtsv7M4_T_le_v4SPD16_eabi.lib : copy_decompress_lzss.c.obj (.text:decompress:lzss:__TI_decompress_lzss)
                  0000175c    00000064     Node2.obj (.text:ConfigureUART)
                  000017c0    00000064     tasks.obj (.text:vTaskPlaceOnEventList)
                  00001824    00000062     queue.obj (.text:prvUnlockQueue)
                  00001886    00000002     --HOLE-- [fill = 0]
                  00001888    00000060     led_task.obj (.text:LEDTaskNormal)
                  000018e8    00000060     uartstdio.obj (.text:UARTStdioConfig)
                  00001948    00000060     tasks.obj (.text:prvInitialiseTaskLists)
                  000019a8    00000060     tasks.obj (.text:vTaskStartScheduler)
                  00001a08    0000005c     driverlib.lib : can.obj (.text:_CANIntNumberGet)
                  00001a64    0000005c     queue.obj (.text:xQueueGenericSendFromISR)
                  00001ac0    00000058     tasks.obj (.text:prvCheckTasksWaitingTermination)
                  00001b18    00000056     driverlib.lib : gpio.obj (.text:GPIOIntTypeSet)
                  00001b6e    00000056     tasks.obj (.text:prvInitialiseTCBVariables)
                  00001bc4    00000056     queue.obj (.text:xQueueGiveFromISR)
                  00001c1a    00000002     --HOLE-- [fill = 0]
                  00001c1c    00000054     tasks.obj (.text:xTaskCheckForTimeOut)
                  00001c70    00000050     Driver_can.obj (.text:ReceiveDistanceTask)
                  00001cc0    0000004e     queue.obj (.text:xQueueCreateMutex)
                  00001d0e    00000002     --HOLE-- [fill = 0]
                  00001d10    0000004c     tasks.obj (.text:prvAddCurrentTaskToDelayedList)
                  00001d5c    00000048     driverlib.lib : gpio.obj (.text:GPIOPinConfigure)
                  00001da4    00000048     Driver_can.obj (.text:SendTokenTask)
                  00001dec    00000048     uartstdio.obj (.text:UARTwrite)
                  00001e34    00000044     driverlib.lib : gpio.obj (.text:_GPIOIntNumberGet)
                  00001e78    00000044     rtsv7M4_T_le_v4SPD16_eabi.lib : autoinit.c.obj (.text:__TI_auto_init_nobinit_nopinit:__TI_auto_init_nobinit_nopinit)
                  00001ebc    00000044     heap_2.obj (.text:vPortFree)
                  00001f00    00000040     driverlib.lib : can.obj (.text:CANStatusGet)
                  00001f40    00000040     led_task.obj (.text:LEDTaskStartup)
                  00001f80    00000040     rtsv7M4_T_le_v4SPD16_eabi.lib : u_divt2.asm.obj (.text)
                  00001fc0    00000040     port.obj (.text:xPortStartScheduler)
                  00002000    0000003c     Driver_can.obj (.text:CANReceiveInit)
                  0000203c    0000003c     Driver_can.obj (.text:CANTokenTaskInit)
                  00002078    0000003c     queue.obj (.text:xQueueGenericCreate)
                  000020b4    0000003a     driverlib.lib : can.obj (.text:CANInit)
                  000020ee    0000003a     tasks.obj (.text:prvAllocateTCBAndStack)
                  00002128    00000038     list.obj (.text:vListInsert)
                  00002160    00000034     driverlib.lib : interrupt.obj (.text:IntRegister)
                  00002194    00000034                   : sysctl.obj (.text:SysCtlPeripheralEnable)
                  000021c8    00000034     rtsv7M4_T_le_v4SPD16_eabi.lib : boot_cortex_m.c.obj (.text:_c_int00_noargs:_c_int00_noargs)
                  000021fc    00000030     heap_2.obj (.text:prvHeapInit)
                  0000222c    0000002c     port.obj (.text:xPortSysTickHandler)
                  00002258    0000002a     driverlib.lib : gpio.obj (.text:GPIODirModeSet)
                  00002282    0000002a                   : can.obj (.text:_CANDataRegRead)
                  000022ac    00000028     tasks.obj (.text:prvResetNextTaskUnblockTime)
                  000022d4    00000028     port.obj (.text:pxPortInitialiseStack)
                  000022fc    00000026     queue.obj (.text:prvCopyDataFromQueue)
                  00002322    00000024     driverlib.lib : can.obj (.text:_CANDataRegWrite)
                  00002346    00000022                   : can.obj (.text:CANIntClear)
                  00002368    00000020                   : can.obj (.text:CANIntStatus)
                  00002388    00000020     list.obj (.text:uxListRemove)
                  000023a8    0000001c     Port_Init.obj (.text:GPIOF_Handler)
                  000023c4    0000001c     queue.obj (.text:prvIsQueueFull)
                  000023e0    0000001c     port.obj (.text:vPortEnterCritical)
                  000023fc    0000001a     uartstdio.obj (.text:UARTprintf)
                  00002416    0000001a     queue.obj (.text:prvIsQueueEmpty)
                  00002430    00000018     driverlib.lib : can.obj (.text:CANIntRegister)
                  00002448    00000018                   : gpio.obj (.text:GPIOIntRegister)
                  00002460    00000018                   : gpio.obj (.text:GPIOPinTypeGPIOOutput)
                  00002478    00000018     tasks.obj (.text:pvTaskIncrementMutexHeldCount)
                  00002490    00000018     list.obj (.text:vListInsertEnd)
                  000024a8    00000018     port.obj (.text:vPortExitCritical)
                  000024c0    00000018     tasks.obj (.text:vTaskSetTimeOutState)
                  000024d8    00000016     list.obj (.text:vListInitialise)
                  000024ee    00000002     --HOLE-- [fill = 0]
                  000024f0    00000014     port.obj (.text:vPortSetupTimerInterrupt)
                  00002504    00000012     driverlib.lib : gpio.obj (.text:GPIOPinTypeCAN)
                  00002516    00000012                   : gpio.obj (.text:GPIOPinTypeGPIOInput)
                  00002528    00000012     tasks.obj (.text:prvDeleteTCB)
                  0000253a    00000010     port.obj (.text:prvTaskExitError)
                  0000254a    00000002     --HOLE-- [fill = 0]
                  0000254c    00000010     tasks.obj (.text:vTaskSuspendAll)
                  0000255c    0000000e     rtsv7M4_T_le_v4SPD16_eabi.lib : copy_decompress_none.c.obj (.text:decompress:none:__TI_decompress_none)
                  0000256a    0000000c     driverlib.lib : gpio.obj (.text:GPIOIntEnable)
                  00002576    0000000c     rtsv7M4_T_le_v4SPD16_eabi.lib : copy_zero_init.c.obj (.text:decompress:ZI:__TI_zero_init)
                  00002582    00000002     --HOLE-- [fill = 0]
                  00002584    0000000c     tasks.obj (.text:vTaskMissedYield)
                  00002590    0000000c     tasks.obj (.text:xTaskGetTickCount)
                  0000259c    0000000a     driverlib.lib : can.obj (.text:CANEnable)
                  000025a6    00000008                   : can.obj (.text:CANIntEnable)
                  000025ae    00000008     tasks.obj (.text:prvIdleTask)
                  000025b6    00000006     driverlib.lib : gpio.obj (.text:GPIOIntClear)
                  000025bc    00000006                   : gpio.obj (.text:GPIOPinWrite)
                  000025c2    00000006     startup_ccs.obj (.text:ResetISR)
                  000025c8    00000006     driverlib.lib : uart.obj (.text:UARTClockSourceSet)
                  000025ce    00000006     list.obj (.text:vListInitialiseItem)
                  000025d4    00000004     rtsv7M4_T_le_v4SPD16_eabi.lib : pre_init.c.obj (.text:_system_pre_init)
                  000025d8    00000004                                   : exit.c.obj (.text:abort:abort)

.const     0    000025dc    000002b4     
                  000025dc    000000d8     driverlib.lib : gpio.obj (.const:g_ppui32GPIOIntMapSnowflake)
                  000026b4    000000c0                   : gpio.obj (.const:g_ppui32GPIOIntMapBlizzard)
                  00002774    00000090                   : gpio.obj (.const:g_pui32GPIOBaseAddrs)
                  00002804    00000070                   : interrupt.obj (.const)
                  00002874    0000000c     uartstdio.obj (.const:g_ui32UARTBase)
                  00002880    0000000c     uartstdio.obj (.const:g_ui32UARTPeriph)
                  0000288c    00000004     port.obj (.const)

.cinit     0    00002890    00000050     
                  00002890    0000001c     (.cinit..data.load) [load image, compression = lzss]
                  000028ac    0000000c     (__TI_handler_table)
                  000028b8    00000008     (.cinit..bss.load) [load image, compression = zero_init]
                  000028c0    00000008     (.cinit..vtable.load) [load image, compression = zero_init]
                  000028c8    00000018     (__TI_cinit_table)

.init_array 
*          0    00000000    00000000     UNINITIALIZED

.vtable    0    20000000    0000026c     UNINITIALIZED
                  20000000    0000026c     driverlib.lib : interrupt.obj (.vtable)

.bss       0    2000026c    0000776c     UNINITIALIZED
                  2000026c    00007530     heap_2.obj (.bss:ucHeap)
                  2000779c    00000140     tasks.obj (.bss:pxReadyTasksLists)
                  200078dc    00000014     tasks.obj (.bss:xDelayedTaskList1)
                  200078f0    00000014     tasks.obj (.bss:xDelayedTaskList2)
                  20007904    00000014     tasks.obj (.bss:xPendingReadyList)
                  20007918    00000014     tasks.obj (.bss:xSuspendedTaskList)
                  2000792c    00000014     tasks.obj (.bss:xTasksWaitingTermination)
                  20007940    00000014     (.common:g_sCANMsgObject1)
                  20007954    00000014     (.common:g_sCANMsgObject2)
                  20007968    00000014     (.common:g_sCANMsgObject3)
                  2000797c    00000014     (.common:g_sCANMsgObject4)
                  20007990    00000014     (.common:g_sCANMsgObject5)
                  200079a4    00000008     tasks.obj (.bss)
                  200079ac    00000008     heap_2.obj (.bss:xEnd)
                  200079b4    00000008     heap_2.obj (.bss:xStart)
                  200079bc    00000008     (.common:g_pui8Msg1)
                  200079c4    00000004     (.common:can_ReceiveSem)
                  200079c8    00000004     (.common:can_RxDistQueue)
                  200079cc    00000004     (.common:can_SendSem)
                  200079d0    00000004     (.common:g_pUARTSemaphore)
                  200079d4    00000004     (.common:xRxQueue)

.data      0    20007bd8    00000058     UNINITIALIZED
                  20007bd8    00000030     tasks.obj (.data)
                  20007c08    00000009     Driver_can.obj (.data)
                  20007c11    00000001     Port_Init.obj (.data)
                  20007c12    00000002     --HOLE--
                  20007c14    00000008     heap_2.obj (.data)
                  20007c1c    00000008     led_task.obj (.data)
                  20007c24    00000005     uartstdio.obj (.data)
                  20007c29    00000003     --HOLE--
                  20007c2c    00000004     port.obj (.data)

.stack     0    200079d8    00000200     UNINITIALIZED
                  200079d8    00000004     rtsv7M4_T_le_v4SPD16_eabi.lib : boot_cortex_m.c.obj (.stack)
                  200079dc    000001fc     --HOLE--

MODULE SUMMARY

       Module                       code   ro data   rw data
       ------                       ----   -------   -------
    .\
       Driver_can.obj               840    0         133    
       startup_ccs.obj              12     620       0      
       Node2.obj                    274    0         4      
       led_task.obj                 268    0         8      
       Port_Init.obj                132    0         1      
    +--+----------------------------+------+---------+---------+
       Total:                       1526   620       146    
                                                            
    .\third_party\FreeRTOS\Source\
       tasks.obj                    2234   0         476    
       queue.obj                    1264   0         0      
       list.obj                     140    0         0      
    +--+----------------------------+------+---------+---------+
       Total:                       3638   0         476    
                                                            
    .\third_party\FreeRTOS\Source\portable\CCS\ARM_CM4F\
       port.obj                     236    4         4      
       portasm.obj                  210    0         0      
    +--+----------------------------+------+---------+---------+
       Total:                       446    4         4      
                                                            
    .\third_party\FreeRTOS\Source\portable\MemMang\
       heap_2.obj                   288    0         30024  
    +--+----------------------------+------+---------+---------+
       Total:                       288    0         30024  
                                                            
    .\utils\
       uartstdio.obj                684    24        5      
    +--+----------------------------+------+---------+---------+
       Total:                       684    24        5      
                                                            
    E:/merged_partition_content/Programs/ti/driverlib/ccs/Debug/driverlib.lib
       gpio.obj                     682    552       0      
       can.obj                      980    0         0      
       interrupt.obj                156    112       620    
       sysctl.obj                   52     0         0      
       uart.obj                     6      0         0      
    +--+----------------------------+------+---------+---------+
       Total:                       1876   664       620    
                                                            
    E:\merged_partition_content\Programs\ccs\tools\compiler\ti-cgt-arm_18.12.1.LTS\lib\rtsv7M4_T_le_v4SPD16_eabi.lib
       memcpy_t2.asm.obj            156    0         0      
       memset_t2.asm.obj            122    0         0      
       copy_decompress_lzss.c.obj   104    0         0      
       autoinit.c.obj               68     0         0      
       u_divt2.asm.obj              64     0         0      
       boot_cortex_m.c.obj          52     0         0      
       copy_decompress_none.c.obj   14     0         0      
       copy_zero_init.c.obj         12     0         0      
       exit.c.obj                   4      0         0      
       pre_init.c.obj               4      0         0      
       div0.asm.obj                 2      0         0      
    +--+----------------------------+------+---------+---------+
       Total:                       602    0         0      
                                                            
       Stack:                       0      0         512    
       Linker Generated:            0      80        0      
    +--+----------------------------+------+---------+---------+
       Grand Total:                 9060   1392      31787  


LINKER GENERATED COPY TABLES

__TI_cinit_table @ 000028c8 records: 3, size/record: 8, table size: 24
	.data: load addr=00002890, load size=0000001c bytes, run addr=20007bd8, run size=00000058 bytes, compression=lzss
	.bss: load addr=000028b8, load size=00000008 bytes, run addr=2000026c, run size=0000776c bytes, compression=zero_init
	.vtable: load addr=000028c0, load size=00000008 bytes, run addr=20000000, run size=0000026c bytes, compression=zero_init


LINKER GENERATED HANDLER TABLE

__TI_handler_table @ 000028ac records: 3, size/record: 4, table size: 12
	index: 0, handler: __TI_zero_init
	index: 1, handler: __TI_decompress_lzss
	index: 2, handler: __TI_decompress_none


GLOBAL SYMBOLS: SORTED ALPHABETICALLY BY Name 

address   name                          
-------   ----                          
000025d9  C$$EXIT                       
0000259d  CANEnable                     
000020b5  CANInit                       
00002347  CANIntClear                   
000025a7  CANIntEnable                  
00002431  CANIntRegister                
00002369  CANIntStatus                  
00000a11  CANMessageGet                 
00000457  CANMessageSet                 
00002001  CANReceiveInit                
00001f01  CANStatusGet                  
0000203d  CANTokenTaskInit              
000006c1  CanInt                        
0000175d  ConfigureUART                 
00002259  GPIODirModeSet                
000023a9  GPIOF_Handler                 
000025b7  GPIOIntClear                  
0000256b  GPIOIntEnable                 
00002449  GPIOIntRegister               
00001b19  GPIOIntTypeSet                
0000058d  GPIOPadConfigSet              
00001d5d  GPIOPinConfigure              
00002505  GPIOPinTypeCAN                
00002517  GPIOPinTypeGPIOInput          
00002461  GPIOPinTypeGPIOOutput         
000025bd  GPIOPinWrite                  
00001625  IntEnable                     
00002161  IntRegister                   
20007c11  Int_flag                      
000015b9  LEDTaskInit                   
0000168d  PORTF_init                    
000025c3  ResetISR                      
00002195  SysCtlPeripheralEnable        
000025c9  UARTClockSourceSet            
000018e9  UARTStdioConfig               
000023fd  UARTprintf                    
0000026d  UARTvprintf                   
00001ded  UARTwrite                     
20007bd8  __STACK_END                   
00000200  __STACK_SIZE                  
20007bd8  __STACK_TOP                   
000028c8  __TI_CINIT_Base               
000028e0  __TI_CINIT_Limit              
000028ac  __TI_Handler_Table_Base       
000028b8  __TI_Handler_Table_Limit      
00001e79  __TI_auto_init_nobinit_nopinit
000016f5  __TI_decompress_lzss          
0000255d  __TI_decompress_none          
ffffffff  __TI_pprof_out_hndl           
ffffffff  __TI_prof_data_size           
ffffffff  __TI_prof_data_start          
00000000  __TI_static_base__            
00002577  __TI_zero_init                
00001457  __aeabi_idiv0                 
00001457  __aeabi_ldiv0                 
000013dd  __aeabi_memclr                
000013dd  __aeabi_memclr4               
000013dd  __aeabi_memclr8               
0000111d  __aeabi_memcpy                
0000111d  __aeabi_memcpy4               
0000111d  __aeabi_memcpy8               
000013df  __aeabi_memset                
000013df  __aeabi_memset4               
000013df  __aeabi_memset8               
00001f81  __aeabi_uidiv                 
00001f81  __aeabi_uidivmod              
ffffffff  __binit__                     
ffffffff  __c_args__                    
UNDEFED   __mpu_init                    
200079d8  __stack                       
000021c9  _c_int00_noargs               
UNDEFED   _system_post_cinit            
000025d5  _system_pre_init              
000025d9  abort                         
ffffffff  binit                         
200079c4  can_ReceiveSem                
200079c8  can_RxDistQueue               
200079cc  can_SendSem                   
20007c10  g_bErrFlag                    
200079d0  g_pUARTSemaphore              
20000000  g_pfnRAMVectors               
00000000  g_pfnVectors                  
200079bc  g_pui8Msg1                    
20007940  g_sCANMsgObject1              
20007954  g_sCANMsgObject2              
20007968  g_sCANMsgObject3              
2000797c  g_sCANMsgObject4              
20007990  g_sCANMsgObject5              
00000fc5  main                          
0000111d  memcpy                        
000013e5  memset                        
00001071  pvPortMalloc                  
00002479  pvTaskIncrementMutexHeldCount 
20007bd8  pxCurrentTCB                  
000022d5  pxPortInitialiseStack         
0000288c  ulMaxSyscallInterruptPriority 
00000f01  ulPortGetIPSR                 
00002389  uxListRemove                  
000015b7  vApplicationStackOverflowHook 
000024d9  vListInitialise               
000025cf  vListInitialiseItem           
00002129  vListInsert                   
00002491  vListInsertEnd                
00000fb5  vPortEnableVFP                
000023e1  vPortEnterCritical            
000024a9  vPortExitCritical             
00001ebd  vPortFree                     
00000f79  vPortSVCHandler               
000024f1  vPortSetupTimerInterrupt      
00000f99  vPortStartFirstTask           
000012d5  vTaskDelayUntil               
00002585  vTaskMissedYield              
000017c1  vTaskPlaceOnEventList         
000011b9  vTaskPriorityInherit          
000024c1  vTaskSetTimeOutState          
000019a9  vTaskStartScheduler           
0000254d  vTaskSuspendAll               
00001249  vTaskSwitchContext            
20007c1c  xNormalHandle                 
00000f19  xPortPendSVHandler            
00001fc1  xPortStartScheduler           
0000222d  xPortSysTickHandler           
00001cc1  xQueueCreateMutex             
00002079  xQueueGenericCreate           
000007e5  xQueueGenericReceive          
00001359  xQueueGenericReset            
00000d25  xQueueGenericSend             
00001a65  xQueueGenericSendFromISR      
00001bc5  xQueueGiveFromISR             
20007c0c  xReceiveDistHandle            
200079d4  xRxQueue                      
20007c08  xSendTokenHandle              
20007c20  xStartupHandle                
00001c1d  xTaskCheckForTimeOut          
00000c25  xTaskGenericCreate            
00002591  xTaskGetTickCount             
00000b21  xTaskIncrementTick            
00001459  xTaskPriorityDisinherit       
000014d1  xTaskRemoveFromEventList      
00000e0d  xTaskResumeAll                


GLOBAL SYMBOLS: SORTED BY Symbol Address 

address   name                          
-------   ----                          
00000000  __TI_static_base__            
00000000  g_pfnVectors                  
00000200  __STACK_SIZE                  
0000026d  UARTvprintf                   
00000457  CANMessageSet                 
0000058d  GPIOPadConfigSet              
000006c1  CanInt                        
000007e5  xQueueGenericReceive          
00000a11  CANMessageGet                 
00000b21  xTaskIncrementTick            
00000c25  xTaskGenericCreate            
00000d25  xQueueGenericSend             
00000e0d  xTaskResumeAll                
00000f01  ulPortGetIPSR                 
00000f19  xPortPendSVHandler            
00000f79  vPortSVCHandler               
00000f99  vPortStartFirstTask           
00000fb5  vPortEnableVFP                
00000fc5  main                          
00001071  pvPortMalloc                  
0000111d  __aeabi_memcpy                
0000111d  __aeabi_memcpy4               
0000111d  __aeabi_memcpy8               
0000111d  memcpy                        
000011b9  vTaskPriorityInherit          
00001249  vTaskSwitchContext            
000012d5  vTaskDelayUntil               
00001359  xQueueGenericReset            
000013dd  __aeabi_memclr                
000013dd  __aeabi_memclr4               
000013dd  __aeabi_memclr8               
000013df  __aeabi_memset                
000013df  __aeabi_memset4               
000013df  __aeabi_memset8               
000013e5  memset                        
00001457  __aeabi_idiv0                 
00001457  __aeabi_ldiv0                 
00001459  xTaskPriorityDisinherit       
000014d1  xTaskRemoveFromEventList      
000015b7  vApplicationStackOverflowHook 
000015b9  LEDTaskInit                   
00001625  IntEnable                     
0000168d  PORTF_init                    
000016f5  __TI_decompress_lzss          
0000175d  ConfigureUART                 
000017c1  vTaskPlaceOnEventList         
000018e9  UARTStdioConfig               
000019a9  vTaskStartScheduler           
00001a65  xQueueGenericSendFromISR      
00001b19  GPIOIntTypeSet                
00001bc5  xQueueGiveFromISR             
00001c1d  xTaskCheckForTimeOut          
00001cc1  xQueueCreateMutex             
00001d5d  GPIOPinConfigure              
00001ded  UARTwrite                     
00001e79  __TI_auto_init_nobinit_nopinit
00001ebd  vPortFree                     
00001f01  CANStatusGet                  
00001f81  __aeabi_uidiv                 
00001f81  __aeabi_uidivmod              
00001fc1  xPortStartScheduler           
00002001  CANReceiveInit                
0000203d  CANTokenTaskInit              
00002079  xQueueGenericCreate           
000020b5  CANInit                       
00002129  vListInsert                   
00002161  IntRegister                   
00002195  SysCtlPeripheralEnable        
000021c9  _c_int00_noargs               
0000222d  xPortSysTickHandler           
00002259  GPIODirModeSet                
000022d5  pxPortInitialiseStack         
00002347  CANIntClear                   
00002369  CANIntStatus                  
00002389  uxListRemove                  
000023a9  GPIOF_Handler                 
000023e1  vPortEnterCritical            
000023fd  UARTprintf                    
00002431  CANIntRegister                
00002449  GPIOIntRegister               
00002461  GPIOPinTypeGPIOOutput         
00002479  pvTaskIncrementMutexHeldCount 
00002491  vListInsertEnd                
000024a9  vPortExitCritical             
000024c1  vTaskSetTimeOutState          
000024d9  vListInitialise               
000024f1  vPortSetupTimerInterrupt      
00002505  GPIOPinTypeCAN                
00002517  GPIOPinTypeGPIOInput          
0000254d  vTaskSuspendAll               
0000255d  __TI_decompress_none          
0000256b  GPIOIntEnable                 
00002577  __TI_zero_init                
00002585  vTaskMissedYield              
00002591  xTaskGetTickCount             
0000259d  CANEnable                     
000025a7  CANIntEnable                  
000025b7  GPIOIntClear                  
000025bd  GPIOPinWrite                  
000025c3  ResetISR                      
000025c9  UARTClockSourceSet            
000025cf  vListInitialiseItem           
000025d5  _system_pre_init              
000025d9  C$$EXIT                       
000025d9  abort                         
0000288c  ulMaxSyscallInterruptPriority 
000028ac  __TI_Handler_Table_Base       
000028b8  __TI_Handler_Table_Limit      
000028c8  __TI_CINIT_Base               
000028e0  __TI_CINIT_Limit              
20000000  g_pfnRAMVectors               
20007940  g_sCANMsgObject1              
20007954  g_sCANMsgObject2              
20007968  g_sCANMsgObject3              
2000797c  g_sCANMsgObject4              
20007990  g_sCANMsgObject5              
200079bc  g_pui8Msg1                    
200079c4  can_ReceiveSem                
200079c8  can_RxDistQueue               
200079cc  can_SendSem                   
200079d0  g_pUARTSemaphore              
200079d4  xRxQueue                      
200079d8  __stack                       
20007bd8  __STACK_END                   
20007bd8  __STACK_TOP                   
20007bd8  pxCurrentTCB                  
20007c08  xSendTokenHandle              
20007c0c  xReceiveDistHandle            
20007c10  g_bErrFlag                    
20007c11  Int_flag                      
20007c1c  xNormalHandle                 
20007c20  xStartupHandle                
ffffffff  __TI_pprof_out_hndl           
ffffffff  __TI_prof_data_size           
ffffffff  __TI_prof_data_start          
ffffffff  __binit__                     
ffffffff  __c_args__                    
ffffffff  binit                         
UNDEFED   __mpu_init                    
UNDEFED   _system_post_cinit            

[140 symbols]
