******************************************************************************
                  TI ARM Linker PC v18.12.1                    
******************************************************************************
>> Linked Sat May 25 07:33:39 2019

OUTPUT FILE NAME:   <Node1.out>
ENTRY POINT SYMBOL: "_c_int00_noargs"  address: 00001fad


MEMORY CONFIGURATION

         name            origin    length      used     unused   attr    fill
----------------------  --------  ---------  --------  --------  ----  --------
  FLASH                 00000000   00040000  0000269c  0003d964  R  X
  SRAM                  20000000   00008000  00007bfc  00000404  RW X


SEGMENT ALLOCATION MAP

run origin  load origin   length   init length attrs members
----------  ----------- ---------- ----------- ----- -------
00000000    00000000    000026a0   000026a0    r-x
  00000000    00000000    0000026c   0000026c    r-- .intvecs
  0000026c    0000026c    0000212c   0000212c    r-x .text
  00002398    00002398    000002b4   000002b4    r-- .const
  00002650    00002650    00000050   00000050    r-- .cinit
20000000    20000000    00007bfc   00000000    rw-
  20000000    20000000    0000026c   00000000    rw- .vtable
  2000026c    2000026c    0000772c   00000000    rw- .bss
  20007998    20007998    00000200   00000000    rw- .stack
  20007b98    20007b98    00000064   00000000    rw- .data


SECTION ALLOCATION MAP

 output                                  attributes/
section   page    origin      length       input sections
--------  ----  ----------  ----------   ----------------
.intvecs   0    00000000    0000026c     
                  00000000    0000026c     startup_ccs.obj (.intvecs)

.text      0    0000026c    0000212c     
                  0000026c    000001ea     uartstdio.obj (.text:UARTvprintf)
                  00000456    00000136     driverlib.lib : can.obj (.text:CANMessageSet)
                  0000058c    00000132                   : gpio.obj (.text:GPIOPadConfigSet)
                  000006be    00000002     startup_ccs.obj (.text:FaultISR)
                  000006c0    00000118     queue.obj (.text:xQueueGenericReceive)
                  000007d8    00000104     tasks.obj (.text:xTaskIncrementTick)
                  000008dc    00000100     tasks.obj (.text:xTaskGenericCreate)
                  000009dc    000000e8     queue.obj (.text:xQueueGenericSend)
                  00000ac4    000000e4     tasks.obj (.text:xTaskResumeAll)
                  00000ba8    000000dc     Driver_can.obj (.text:CANInterruptHandler)
                  00000c84    000000d2     portasm.obj (.text)
                  00000d56    00000002     startup_ccs.obj (.text:IntDefaultHandler)
                  00000d58    000000bc     Driver_can.obj (.text:CanInt)
                  00000e14    000000ac     heap_2.obj (.text:pvPortMalloc)
                  00000ec0    000000a4     Node1.obj (.text:main)
                  00000f64    0000009c     rtsv7M4_T_le_v4SPD16_eabi.lib : memcpy_t2.asm.obj (.text)
                  00001000    00000090     tasks.obj (.text:vTaskPriorityInherit)
                  00001090    0000008c     tasks.obj (.text:vTaskSwitchContext)
                  0000111c    00000084     tasks.obj (.text:vTaskDelayUntil)
                  000011a0    00000084     queue.obj (.text:xQueueGenericReset)
                  00001224    0000007a     rtsv7M4_T_le_v4SPD16_eabi.lib : memset_t2.asm.obj (.text)
                  0000129e    00000002     startup_ccs.obj (.text:NmiSR)
                  000012a0    00000078     tasks.obj (.text:xTaskPriorityDisinherit)
                  00001318    00000074     tasks.obj (.text:xTaskRemoveFromEventList)
                  0000138c    00000072     queue.obj (.text:prvCopyDataToQueue)
                  000013fe    00000002     rtsv7M4_T_le_v4SPD16_eabi.lib : div0.asm.obj (.text)
                  00001400    0000006c     led_task.obj (.text:LEDTaskInit)
                  0000146c    00000068     driverlib.lib : interrupt.obj (.text:IntEnable)
                  000014d4    00000068     led_task.obj (.text:LEDTaskStartup)
                  0000153c    00000068     Port_Init.obj (.text:PORTF_init)
                  000015a4    00000068     rtsv7M4_T_le_v4SPD16_eabi.lib : copy_decompress_lzss.c.obj (.text:decompress:lzss:__TI_decompress_lzss)
                  0000160c    00000064     Node1.obj (.text:ConfigureUART)
                  00001670    00000064     tasks.obj (.text:vTaskPlaceOnEventList)
                  000016d4    00000062     queue.obj (.text:prvUnlockQueue)
                  00001736    00000002     Node1.obj (.text:vApplicationStackOverflowHook)
                  00001738    00000060     led_task.obj (.text:LEDTaskNormal)
                  00001798    00000060     uartstdio.obj (.text:UARTStdioConfig)
                  000017f8    00000060     tasks.obj (.text:prvInitialiseTaskLists)
                  00001858    00000060     tasks.obj (.text:vTaskStartScheduler)
                  000018b8    0000005c     driverlib.lib : can.obj (.text:_CANIntNumberGet)
                  00001914    0000005c     queue.obj (.text:xQueueGenericSendFromISR)
                  00001970    00000058     tasks.obj (.text:prvCheckTasksWaitingTermination)
                  000019c8    00000056     driverlib.lib : gpio.obj (.text:GPIOIntTypeSet)
                  00001a1e    00000056     tasks.obj (.text:prvInitialiseTCBVariables)
                  00001a74    00000056     queue.obj (.text:xQueueGiveFromISR)
                  00001aca    00000002     --HOLE-- [fill = 0]
                  00001acc    00000054     tasks.obj (.text:xTaskCheckForTimeOut)
                  00001b20    0000004e     queue.obj (.text:xQueueCreateMutex)
                  00001b6e    00000002     --HOLE-- [fill = 0]
                  00001b70    0000004c     tasks.obj (.text:prvAddCurrentTaskToDelayedList)
                  00001bbc    00000048     driverlib.lib : gpio.obj (.text:GPIOPinConfigure)
                  00001c04    00000048     Driver_can.obj (.text:SendTokenTask)
                  00001c4c    00000048     uartstdio.obj (.text:UARTwrite)
                  00001c94    00000044     driverlib.lib : gpio.obj (.text:_GPIOIntNumberGet)
                  00001cd8    00000044     rtsv7M4_T_le_v4SPD16_eabi.lib : autoinit.c.obj (.text:__TI_auto_init_nobinit_nopinit:__TI_auto_init_nobinit_nopinit)
                  00001d1c    00000044     heap_2.obj (.text:vPortFree)
                  00001d60    00000040     driverlib.lib : can.obj (.text:CANStatusGet)
                  00001da0    00000040     rtsv7M4_T_le_v4SPD16_eabi.lib : u_divt2.asm.obj (.text)
                  00001de0    00000040     port.obj (.text:xPortStartScheduler)
                  00001e20    0000003c     Driver_can.obj (.text:CANTokenTaskInit)
                  00001e5c    0000003c     queue.obj (.text:xQueueGenericCreate)
                  00001e98    0000003a     driverlib.lib : can.obj (.text:CANInit)
                  00001ed2    0000003a     tasks.obj (.text:prvAllocateTCBAndStack)
                  00001f0c    00000038     list.obj (.text:vListInsert)
                  00001f44    00000034     driverlib.lib : interrupt.obj (.text:IntRegister)
                  00001f78    00000034                   : sysctl.obj (.text:SysCtlPeripheralEnable)
                  00001fac    00000034     rtsv7M4_T_le_v4SPD16_eabi.lib : boot_cortex_m.c.obj (.text:_c_int00_noargs:_c_int00_noargs)
                  00001fe0    00000030     heap_2.obj (.text:prvHeapInit)
                  00002010    0000002c     port.obj (.text:xPortSysTickHandler)
                  0000203c    0000002a     driverlib.lib : gpio.obj (.text:GPIODirModeSet)
                  00002066    00000002     --HOLE-- [fill = 0]
                  00002068    00000028     tasks.obj (.text:prvResetNextTaskUnblockTime)
                  00002090    00000028     port.obj (.text:pxPortInitialiseStack)
                  000020b8    00000026     queue.obj (.text:prvCopyDataFromQueue)
                  000020de    00000024     driverlib.lib : can.obj (.text:_CANDataRegWrite)
                  00002102    00000022                   : can.obj (.text:CANIntClear)
                  00002124    00000020                   : can.obj (.text:CANIntStatus)
                  00002144    00000020     list.obj (.text:uxListRemove)
                  00002164    0000001c     Port_Init.obj (.text:GPIOF_Handler)
                  00002180    0000001c     queue.obj (.text:prvIsQueueFull)
                  0000219c    0000001c     port.obj (.text:vPortEnterCritical)
                  000021b8    0000001a     uartstdio.obj (.text:UARTprintf)
                  000021d2    0000001a     queue.obj (.text:prvIsQueueEmpty)
                  000021ec    00000018     driverlib.lib : can.obj (.text:CANIntRegister)
                  00002204    00000018                   : gpio.obj (.text:GPIOIntRegister)
                  0000221c    00000018                   : gpio.obj (.text:GPIOPinTypeGPIOOutput)
                  00002234    00000018     tasks.obj (.text:pvTaskIncrementMutexHeldCount)
                  0000224c    00000018     list.obj (.text:vListInsertEnd)
                  00002264    00000018     port.obj (.text:vPortExitCritical)
                  0000227c    00000018     tasks.obj (.text:vTaskSetTimeOutState)
                  00002294    00000016     list.obj (.text:vListInitialise)
                  000022aa    00000002     --HOLE-- [fill = 0]
                  000022ac    00000014     port.obj (.text:vPortSetupTimerInterrupt)
                  000022c0    00000012     driverlib.lib : gpio.obj (.text:GPIOPinTypeCAN)
                  000022d2    00000012                   : gpio.obj (.text:GPIOPinTypeGPIOInput)
                  000022e4    00000012     tasks.obj (.text:prvDeleteTCB)
                  000022f6    00000010     port.obj (.text:prvTaskExitError)
                  00002306    00000002     --HOLE-- [fill = 0]
                  00002308    00000010     tasks.obj (.text:vTaskSuspendAll)
                  00002318    0000000e     rtsv7M4_T_le_v4SPD16_eabi.lib : copy_decompress_none.c.obj (.text:decompress:none:__TI_decompress_none)
                  00002326    0000000c     driverlib.lib : gpio.obj (.text:GPIOIntEnable)
                  00002332    0000000c     rtsv7M4_T_le_v4SPD16_eabi.lib : copy_zero_init.c.obj (.text:decompress:ZI:__TI_zero_init)
                  0000233e    00000002     --HOLE-- [fill = 0]
                  00002340    0000000c     tasks.obj (.text:vTaskMissedYield)
                  0000234c    0000000c     tasks.obj (.text:xTaskGetTickCount)
                  00002358    0000000a     driverlib.lib : can.obj (.text:CANEnable)
                  00002362    00000008                   : can.obj (.text:CANIntEnable)
                  0000236a    00000008     tasks.obj (.text:prvIdleTask)
                  00002372    00000006     driverlib.lib : gpio.obj (.text:GPIOIntClear)
                  00002378    00000006                   : gpio.obj (.text:GPIOPinWrite)
                  0000237e    00000006     startup_ccs.obj (.text:ResetISR)
                  00002384    00000006     driverlib.lib : uart.obj (.text:UARTClockSourceSet)
                  0000238a    00000006     list.obj (.text:vListInitialiseItem)
                  00002390    00000004     rtsv7M4_T_le_v4SPD16_eabi.lib : pre_init.c.obj (.text:_system_pre_init)
                  00002394    00000004                                   : exit.c.obj (.text:abort:abort)

.const     0    00002398    000002b4     
                  00002398    000000d8     driverlib.lib : gpio.obj (.const:g_ppui32GPIOIntMapSnowflake)
                  00002470    000000c0                   : gpio.obj (.const:g_ppui32GPIOIntMapBlizzard)
                  00002530    00000090                   : gpio.obj (.const:g_pui32GPIOBaseAddrs)
                  000025c0    00000070                   : interrupt.obj (.const)
                  00002630    0000000c     uartstdio.obj (.const:g_ui32UARTBase)
                  0000263c    0000000c     uartstdio.obj (.const:g_ui32UARTPeriph)
                  00002648    00000004     port.obj (.const)

.cinit     0    00002650    00000050     
                  00002650    0000001a     (.cinit..data.load) [load image, compression = lzss]
                  0000266a    00000002     --HOLE-- [fill = 0]
                  0000266c    0000000c     (__TI_handler_table)
                  00002678    00000008     (.cinit..bss.load) [load image, compression = zero_init]
                  00002680    00000008     (.cinit..vtable.load) [load image, compression = zero_init]
                  00002688    00000018     (__TI_cinit_table)

.init_array 
*          0    00000000    00000000     UNINITIALIZED

.vtable    0    20000000    0000026c     UNINITIALIZED
                  20000000    0000026c     driverlib.lib : interrupt.obj (.vtable)

.bss       0    2000026c    0000772c     UNINITIALIZED
                  2000026c    00007530     heap_2.obj (.bss:ucHeap)
                  2000779c    00000140     tasks.obj (.bss:pxReadyTasksLists)
                  200078dc    00000014     tasks.obj (.bss:xDelayedTaskList1)
                  200078f0    00000014     tasks.obj (.bss:xDelayedTaskList2)
                  20007904    00000014     tasks.obj (.bss:xPendingReadyList)
                  20007918    00000014     tasks.obj (.bss:xSuspendedTaskList)
                  2000792c    00000014     tasks.obj (.bss:xTasksWaitingTermination)
                  20007940    00000014     (.common:g_sCANMsgObject1)
                  20007954    00000014     (.common:g_sCANMsgObject2)
                  20007968    00000008     tasks.obj (.bss)
                  20007970    00000008     heap_2.obj (.bss:xEnd)
                  20007978    00000008     heap_2.obj (.bss:xStart)
                  20007980    00000008     (.common:g_pui8Msg1)
                  20007988    00000004     (.common:can_ReceiveSem)
                  2000798c    00000004     (.common:can_SendSem)
                  20007990    00000004     (.common:g_pUARTSemaphore)
                  20007994    00000004     (.common:xRxQueue)

.data      0    20007b98    00000064     UNINITIALIZED
                  20007b98    00000030     tasks.obj (.data)
                  20007bc8    00000017     Driver_can.obj (.data)
                  20007bdf    00000001     --HOLE--
                  20007be0    00000008     heap_2.obj (.data)
                  20007be8    00000008     led_task.obj (.data)
                  20007bf0    00000005     uartstdio.obj (.data)
                  20007bf5    00000003     --HOLE--
                  20007bf8    00000004     port.obj (.data)

.stack     0    20007998    00000200     UNINITIALIZED
                  20007998    00000004     rtsv7M4_T_le_v4SPD16_eabi.lib : boot_cortex_m.c.obj (.stack)
                  2000799c    000001fc     --HOLE--

MODULE SUMMARY

       Module                       code   ro data   rw data
       ------                       ----   -------   -------
    .\
       startup_ccs.obj              12     620       0      
       Driver_can.obj               540    0         83     
       led_task.obj                 308    0         8      
       Node1.obj                    266    0         4      
       Port_Init.obj                132    0         0      
    +--+----------------------------+------+---------+---------+
       Total:                       1258   620       95     
                                                            
    .\third_party\FreeRTOS\Source\
       tasks.obj                    2234   0         476    
       queue.obj                    1264   0         0      
       list.obj                     140    0         0      
    +--+----------------------------+------+---------+---------+
       Total:                       3638   0         476    
                                                            
    .\third_party\FreeRTOS\Source\portable\CCS\ARM_CM4F\
       port.obj                     236    4         4      
       portasm.obj                  210    0         0      
    +--+----------------------------+------+---------+---------+
       Total:                       446    4         4      
                                                            
    .\third_party\FreeRTOS\Source\portable\MemMang\
       heap_2.obj                   288    0         30024  
    +--+----------------------------+------+---------+---------+
       Total:                       288    0         30024  
                                                            
    .\utils\
       uartstdio.obj                684    24        5      
    +--+----------------------------+------+---------+---------+
       Total:                       684    24        5      
                                                            
    E:/merged_partition_content/Programs/ti/driverlib/ccs/Debug/driverlib.lib
       gpio.obj                     682    552       0      
       interrupt.obj                156    112       620    
       can.obj                      668    0         0      
       sysctl.obj                   52     0         0      
       uart.obj                     6      0         0      
    +--+----------------------------+------+---------+---------+
       Total:                       1564   664       620    
                                                            
    E:\merged_partition_content\Programs\ccs\tools\compiler\ti-cgt-arm_18.12.1.LTS\lib\rtsv7M4_T_le_v4SPD16_eabi.lib
       memcpy_t2.asm.obj            156    0         0      
       memset_t2.asm.obj            122    0         0      
       copy_decompress_lzss.c.obj   104    0         0      
       autoinit.c.obj               68     0         0      
       u_divt2.asm.obj              64     0         0      
       boot_cortex_m.c.obj          52     0         0      
       copy_decompress_none.c.obj   14     0         0      
       copy_zero_init.c.obj         12     0         0      
       exit.c.obj                   4      0         0      
       pre_init.c.obj               4      0         0      
       div0.asm.obj                 2      0         0      
    +--+----------------------------+------+---------+---------+
       Total:                       602    0         0      
                                                            
       Stack:                       0      0         512    
       Linker Generated:            0      78        0      
    +--+----------------------------+------+---------+---------+
       Grand Total:                 8480   1390      31736  


LINKER GENERATED COPY TABLES

__TI_cinit_table @ 00002688 records: 3, size/record: 8, table size: 24
	.data: load addr=00002650, load size=0000001a bytes, run addr=20007b98, run size=00000064 bytes, compression=lzss
	.bss: load addr=00002678, load size=00000008 bytes, run addr=2000026c, run size=0000772c bytes, compression=zero_init
	.vtable: load addr=00002680, load size=00000008 bytes, run addr=20000000, run size=0000026c bytes, compression=zero_init


LINKER GENERATED HANDLER TABLE

__TI_handler_table @ 0000266c records: 3, size/record: 4, table size: 12
	index: 0, handler: __TI_zero_init
	index: 1, handler: __TI_decompress_lzss
	index: 2, handler: __TI_decompress_none


GLOBAL SYMBOLS: SORTED ALPHABETICALLY BY Name 

address   name                          
-------   ----                          
00002395  C$$EXIT                       
00002359  CANEnable                     
00001e99  CANInit                       
00002103  CANIntClear                   
00002363  CANIntEnable                  
000021ed  CANIntRegister                
00002125  CANIntStatus                  
00000457  CANMessageSet                 
00001d61  CANStatusGet                  
00001e21  CANTokenTaskInit              
00000d59  CanInt                        
0000160d  ConfigureUART                 
0000203d  GPIODirModeSet                
00002165  GPIOF_Handler                 
00002373  GPIOIntClear                  
00002327  GPIOIntEnable                 
00002205  GPIOIntRegister               
000019c9  GPIOIntTypeSet                
0000058d  GPIOPadConfigSet              
00001bbd  GPIOPinConfigure              
000022c1  GPIOPinTypeCAN                
000022d3  GPIOPinTypeGPIOInput          
0000221d  GPIOPinTypeGPIOOutput         
00002379  GPIOPinWrite                  
0000146d  IntEnable                     
00001f45  IntRegister                   
20007bde  Int_flag                      
00001401  LEDTaskInit                   
0000153d  PORTF_init                    
0000237f  ResetISR                      
00001f79  SysCtlPeripheralEnable        
00002385  UARTClockSourceSet            
00001799  UARTStdioConfig               
000021b9  UARTprintf                    
0000026d  UARTvprintf                   
00001c4d  UARTwrite                     
20007b98  __STACK_END                   
00000200  __STACK_SIZE                  
20007b98  __STACK_TOP                   
00002688  __TI_CINIT_Base               
000026a0  __TI_CINIT_Limit              
0000266c  __TI_Handler_Table_Base       
00002678  __TI_Handler_Table_Limit      
00001cd9  __TI_auto_init_nobinit_nopinit
000015a5  __TI_decompress_lzss          
00002319  __TI_decompress_none          
ffffffff  __TI_pprof_out_hndl           
ffffffff  __TI_prof_data_size           
ffffffff  __TI_prof_data_start          
00000000  __TI_static_base__            
00002333  __TI_zero_init                
000013ff  __aeabi_idiv0                 
000013ff  __aeabi_ldiv0                 
00001225  __aeabi_memclr                
00001225  __aeabi_memclr4               
00001225  __aeabi_memclr8               
00000f65  __aeabi_memcpy                
00000f65  __aeabi_memcpy4               
00000f65  __aeabi_memcpy8               
00001227  __aeabi_memset                
00001227  __aeabi_memset4               
00001227  __aeabi_memset8               
00001da1  __aeabi_uidiv                 
00001da1  __aeabi_uidivmod              
ffffffff  __binit__                     
ffffffff  __c_args__                    
UNDEFED   __mpu_init                    
20007998  __stack                       
00001fad  _c_int00_noargs               
UNDEFED   _system_post_cinit            
00002391  _system_pre_init              
00002395  abort                         
ffffffff  binit                         
20007988  can_ReceiveSem                
2000798c  can_SendSem                   
20007bdd  g_bErrFlag                    
20007bdc  g_bMsgObj3Sent                
20007990  g_pUARTSemaphore              
20000000  g_pfnRAMVectors               
00000000  g_pfnVectors                  
20007980  g_pui8Msg1                    
20007940  g_sCANMsgObject1              
20007954  g_sCANMsgObject2              
20007bcc  g_ui32IntCount                
20007bd0  g_ui32Msg1Count               
20007bd4  g_ui32Msg2Count               
20007bd8  g_ui32Msg3Count               
00000ec1  main                          
00000f65  memcpy                        
0000122d  memset                        
00000e15  pvPortMalloc                  
00002235  pvTaskIncrementMutexHeldCount 
20007b98  pxCurrentTCB                  
00002091  pxPortInitialiseStack         
00002648  ulMaxSyscallInterruptPriority 
00000c95  ulPortGetIPSR                 
00002145  uxListRemove                  
00001737  vApplicationStackOverflowHook 
00002295  vListInitialise               
0000238b  vListInitialiseItem           
00001f0d  vListInsert                   
0000224d  vListInsertEnd                
00000d49  vPortEnableVFP                
0000219d  vPortEnterCritical            
00002265  vPortExitCritical             
00001d1d  vPortFree                     
00000d0d  vPortSVCHandler               
000022ad  vPortSetupTimerInterrupt      
00000d2d  vPortStartFirstTask           
0000111d  vTaskDelayUntil               
00002341  vTaskMissedYield              
00001671  vTaskPlaceOnEventList         
00001001  vTaskPriorityInherit          
0000227d  vTaskSetTimeOutState          
00001859  vTaskStartScheduler           
00002309  vTaskSuspendAll               
00001091  vTaskSwitchContext            
20007be8  xNormalHandle                 
00000cad  xPortPendSVHandler            
00001de1  xPortStartScheduler           
00002011  xPortSysTickHandler           
00001b21  xQueueCreateMutex             
00001e5d  xQueueGenericCreate           
000006c1  xQueueGenericReceive          
000011a1  xQueueGenericReset            
000009dd  xQueueGenericSend             
00001915  xQueueGenericSendFromISR      
00001a75  xQueueGiveFromISR             
20007994  xRxQueue                      
20007bc8  xSendTokenHandle              
20007bec  xStartupHandle                
00001acd  xTaskCheckForTimeOut          
000008dd  xTaskGenericCreate            
0000234d  xTaskGetTickCount             
000007d9  xTaskIncrementTick            
000012a1  xTaskPriorityDisinherit       
00001319  xTaskRemoveFromEventList      
00000ac5  xTaskResumeAll                


GLOBAL SYMBOLS: SORTED BY Symbol Address 

address   name                          
-------   ----                          
00000000  __TI_static_base__            
00000000  g_pfnVectors                  
00000200  __STACK_SIZE                  
0000026d  UARTvprintf                   
00000457  CANMessageSet                 
0000058d  GPIOPadConfigSet              
000006c1  xQueueGenericReceive          
000007d9  xTaskIncrementTick            
000008dd  xTaskGenericCreate            
000009dd  xQueueGenericSend             
00000ac5  xTaskResumeAll                
00000c95  ulPortGetIPSR                 
00000cad  xPortPendSVHandler            
00000d0d  vPortSVCHandler               
00000d2d  vPortStartFirstTask           
00000d49  vPortEnableVFP                
00000d59  CanInt                        
00000e15  pvPortMalloc                  
00000ec1  main                          
00000f65  __aeabi_memcpy                
00000f65  __aeabi_memcpy4               
00000f65  __aeabi_memcpy8               
00000f65  memcpy                        
00001001  vTaskPriorityInherit          
00001091  vTaskSwitchContext            
0000111d  vTaskDelayUntil               
000011a1  xQueueGenericReset            
00001225  __aeabi_memclr                
00001225  __aeabi_memclr4               
00001225  __aeabi_memclr8               
00001227  __aeabi_memset                
00001227  __aeabi_memset4               
00001227  __aeabi_memset8               
0000122d  memset                        
000012a1  xTaskPriorityDisinherit       
00001319  xTaskRemoveFromEventList      
000013ff  __aeabi_idiv0                 
000013ff  __aeabi_ldiv0                 
00001401  LEDTaskInit                   
0000146d  IntEnable                     
0000153d  PORTF_init                    
000015a5  __TI_decompress_lzss          
0000160d  ConfigureUART                 
00001671  vTaskPlaceOnEventList         
00001737  vApplicationStackOverflowHook 
00001799  UARTStdioConfig               
00001859  vTaskStartScheduler           
00001915  xQueueGenericSendFromISR      
000019c9  GPIOIntTypeSet                
00001a75  xQueueGiveFromISR             
00001acd  xTaskCheckForTimeOut          
00001b21  xQueueCreateMutex             
00001bbd  GPIOPinConfigure              
00001c4d  UARTwrite                     
00001cd9  __TI_auto_init_nobinit_nopinit
00001d1d  vPortFree                     
00001d61  CANStatusGet                  
00001da1  __aeabi_uidiv                 
00001da1  __aeabi_uidivmod              
00001de1  xPortStartScheduler           
00001e21  CANTokenTaskInit              
00001e5d  xQueueGenericCreate           
00001e99  CANInit                       
00001f0d  vListInsert                   
00001f45  IntRegister                   
00001f79  SysCtlPeripheralEnable        
00001fad  _c_int00_noargs               
00002011  xPortSysTickHandler           
0000203d  GPIODirModeSet                
00002091  pxPortInitialiseStack         
00002103  CANIntClear                   
00002125  CANIntStatus                  
00002145  uxListRemove                  
00002165  GPIOF_Handler                 
0000219d  vPortEnterCritical            
000021b9  UARTprintf                    
000021ed  CANIntRegister                
00002205  GPIOIntRegister               
0000221d  GPIOPinTypeGPIOOutput         
00002235  pvTaskIncrementMutexHeldCount 
0000224d  vListInsertEnd                
00002265  vPortExitCritical             
0000227d  vTaskSetTimeOutState          
00002295  vListInitialise               
000022ad  vPortSetupTimerInterrupt      
000022c1  GPIOPinTypeCAN                
000022d3  GPIOPinTypeGPIOInput          
00002309  vTaskSuspendAll               
00002319  __TI_decompress_none          
00002327  GPIOIntEnable                 
00002333  __TI_zero_init                
00002341  vTaskMissedYield              
0000234d  xTaskGetTickCount             
00002359  CANEnable                     
00002363  CANIntEnable                  
00002373  GPIOIntClear                  
00002379  GPIOPinWrite                  
0000237f  ResetISR                      
00002385  UARTClockSourceSet            
0000238b  vListInitialiseItem           
00002391  _system_pre_init              
00002395  C$$EXIT                       
00002395  abort                         
00002648  ulMaxSyscallInterruptPriority 
0000266c  __TI_Handler_Table_Base       
00002678  __TI_Handler_Table_Limit      
00002688  __TI_CINIT_Base               
000026a0  __TI_CINIT_Limit              
20000000  g_pfnRAMVectors               
20007940  g_sCANMsgObject1              
20007954  g_sCANMsgObject2              
20007980  g_pui8Msg1                    
20007988  can_ReceiveSem                
2000798c  can_SendSem                   
20007990  g_pUARTSemaphore              
20007994  xRxQueue                      
20007998  __stack                       
20007b98  __STACK_END                   
20007b98  __STACK_TOP                   
20007b98  pxCurrentTCB                  
20007bc8  xSendTokenHandle              
20007bcc  g_ui32IntCount                
20007bd0  g_ui32Msg1Count               
20007bd4  g_ui32Msg2Count               
20007bd8  g_ui32Msg3Count               
20007bdc  g_bMsgObj3Sent                
20007bdd  g_bErrFlag                    
20007bde  Int_flag                      
20007be8  xNormalHandle                 
20007bec  xStartupHandle                
ffffffff  __TI_pprof_out_hndl           
ffffffff  __TI_prof_data_size           
ffffffff  __TI_prof_data_start          
ffffffff  __binit__                     
ffffffff  __c_args__                    
ffffffff  binit                         
UNDEFED   __mpu_init                    
UNDEFED   _system_post_cinit            

[138 symbols]
