<?xml version="1.0" encoding="ISO-8859-1" ?>
<link_info>
   <banner>TI ARM Linker PC v18.12.1.LTS</banner>
   <copyright>Copyright (c) 1996-2018 Texas Instruments Incorporated</copyright>
   <link_time>0x5ce8d3b3</link_time>
   <link_errors>0x0</link_errors>
   <output_file>Node1.out</output_file>
   <entry_point>
      <name>_c_int00_noargs</name>
      <address>0x1fad</address>
   </entry_point>
   <input_file_list>
      <input_file id="fl-2">
         <path>.\</path>
         <kind>object</kind>
         <file>Driver_can.obj</file>
         <name>Driver_can.obj</name>
      </input_file>
      <input_file id="fl-3">
         <path>.\</path>
         <kind>object</kind>
         <file>Node1.obj</file>
         <name>Node1.obj</name>
      </input_file>
      <input_file id="fl-4">
         <path>.\</path>
         <kind>object</kind>
         <file>Port_Init.obj</file>
         <name>Port_Init.obj</name>
      </input_file>
      <input_file id="fl-5">
         <path>.\</path>
         <kind>object</kind>
         <file>led_task.obj</file>
         <name>led_task.obj</name>
      </input_file>
      <input_file id="fl-6">
         <path>.\</path>
         <kind>object</kind>
         <file>startup_ccs.obj</file>
         <name>startup_ccs.obj</name>
      </input_file>
      <input_file id="fl-7">
         <path>.\</path>
         <kind>object</kind>
         <file>switch_task.obj</file>
         <name>switch_task.obj</name>
      </input_file>
      <input_file id="fl-8">
         <path>.\drivers\</path>
         <kind>object</kind>
         <file>buttons.obj</file>
         <name>buttons.obj</name>
      </input_file>
      <input_file id="fl-9">
         <path>.\drivers\</path>
         <kind>object</kind>
         <file>rgb.obj</file>
         <name>rgb.obj</name>
      </input_file>
      <input_file id="fl-a">
         <path>.\third_party\FreeRTOS\Source\</path>
         <kind>object</kind>
         <file>list.obj</file>
         <name>list.obj</name>
      </input_file>
      <input_file id="fl-b">
         <path>.\third_party\FreeRTOS\Source\</path>
         <kind>object</kind>
         <file>queue.obj</file>
         <name>queue.obj</name>
      </input_file>
      <input_file id="fl-c">
         <path>.\third_party\FreeRTOS\Source\</path>
         <kind>object</kind>
         <file>tasks.obj</file>
         <name>tasks.obj</name>
      </input_file>
      <input_file id="fl-d">
         <path>.\third_party\FreeRTOS\Source\portable\CCS\ARM_CM4F\</path>
         <kind>object</kind>
         <file>port.obj</file>
         <name>port.obj</name>
      </input_file>
      <input_file id="fl-e">
         <path>.\third_party\FreeRTOS\Source\portable\CCS\ARM_CM4F\</path>
         <kind>object</kind>
         <file>portasm.obj</file>
         <name>portasm.obj</name>
      </input_file>
      <input_file id="fl-f">
         <path>.\third_party\FreeRTOS\Source\portable\MemMang\</path>
         <kind>object</kind>
         <file>heap_2.obj</file>
         <name>heap_2.obj</name>
      </input_file>
      <input_file id="fl-10">
         <path>.\utils\</path>
         <kind>object</kind>
         <file>uartstdio.obj</file>
         <name>uartstdio.obj</name>
      </input_file>
      <input_file id="fl-11">
         <path>.\utils\</path>
         <kind>object</kind>
         <file>ustdlib.obj</file>
         <name>ustdlib.obj</name>
      </input_file>
      <input_file id="fl-16">
         <kind>object</kind>
         <file>&lt;internal&gt;</file>
         <name>&lt;internal&gt;</name>
      </input_file>
      <input_file id="fl-cc">
         <path>E:\merged_partition_content\Programs\ccs\tools\compiler\ti-cgt-arm_18.12.1.LTS\lib\</path>
         <kind>archive</kind>
         <file>rtsv7M4_T_le_v4SPD16_eabi.lib</file>
         <name>fs_toull_t2.asm.obj</name>
      </input_file>
      <input_file id="fl-cd">
         <path>E:\merged_partition_content\Programs\ccs\tools\compiler\ti-cgt-arm_18.12.1.LTS\lib\</path>
         <kind>archive</kind>
         <file>rtsv7M4_T_le_v4SPD16_eabi.lib</file>
         <name>memcpy_t2.asm.obj</name>
      </input_file>
      <input_file id="fl-ce">
         <path>E:\merged_partition_content\Programs\ccs\tools\compiler\ti-cgt-arm_18.12.1.LTS\lib\</path>
         <kind>archive</kind>
         <file>rtsv7M4_T_le_v4SPD16_eabi.lib</file>
         <name>u_divt2.asm.obj</name>
      </input_file>
      <input_file id="fl-cf">
         <path>E:\merged_partition_content\Programs\ccs\tools\compiler\ti-cgt-arm_18.12.1.LTS\lib\</path>
         <kind>archive</kind>
         <file>rtsv7M4_T_le_v4SPD16_eabi.lib</file>
         <name>memset_t2.asm.obj</name>
      </input_file>
      <input_file id="fl-d0">
         <path>E:\merged_partition_content\Programs\ccs\tools\compiler\ti-cgt-arm_18.12.1.LTS\lib\</path>
         <kind>archive</kind>
         <file>rtsv7M4_T_le_v4SPD16_eabi.lib</file>
         <name>copy_zero_init.c.obj</name>
      </input_file>
      <input_file id="fl-d1">
         <path>E:\merged_partition_content\Programs\ccs\tools\compiler\ti-cgt-arm_18.12.1.LTS\lib\</path>
         <kind>archive</kind>
         <file>rtsv7M4_T_le_v4SPD16_eabi.lib</file>
         <name>copy_decompress_none.c.obj</name>
      </input_file>
      <input_file id="fl-d2">
         <path>E:\merged_partition_content\Programs\ccs\tools\compiler\ti-cgt-arm_18.12.1.LTS\lib\</path>
         <kind>archive</kind>
         <file>rtsv7M4_T_le_v4SPD16_eabi.lib</file>
         <name>copy_decompress_lzss.c.obj</name>
      </input_file>
      <input_file id="fl-d3">
         <path>E:\merged_partition_content\Programs\ccs\tools\compiler\ti-cgt-arm_18.12.1.LTS\lib\</path>
         <kind>archive</kind>
         <file>rtsv7M4_T_le_v4SPD16_eabi.lib</file>
         <name>boot_cortex_m.c.obj</name>
      </input_file>
      <input_file id="fl-d4">
         <path>E:\merged_partition_content\Programs\ccs\tools\compiler\ti-cgt-arm_18.12.1.LTS\lib\</path>
         <kind>archive</kind>
         <file>rtsv7M4_T_le_v4SPD16_eabi.lib</file>
         <name>div0.asm.obj</name>
      </input_file>
      <input_file id="fl-d5">
         <path>E:\merged_partition_content\Programs\ccs\tools\compiler\ti-cgt-arm_18.12.1.LTS\lib\</path>
         <kind>archive</kind>
         <file>rtsv7M4_T_le_v4SPD16_eabi.lib</file>
         <name>autoinit.c.obj</name>
      </input_file>
      <input_file id="fl-d6">
         <path>E:\merged_partition_content\Programs\ccs\tools\compiler\ti-cgt-arm_18.12.1.LTS\lib\</path>
         <kind>archive</kind>
         <file>rtsv7M4_T_le_v4SPD16_eabi.lib</file>
         <name>pre_init.c.obj</name>
      </input_file>
      <input_file id="fl-d7">
         <path>E:\merged_partition_content\Programs\ccs\tools\compiler\ti-cgt-arm_18.12.1.LTS\lib\</path>
         <kind>archive</kind>
         <file>rtsv7M4_T_le_v4SPD16_eabi.lib</file>
         <name>cpy_tbl.c.obj</name>
      </input_file>
      <input_file id="fl-d8">
         <path>E:\merged_partition_content\Programs\ccs\tools\compiler\ti-cgt-arm_18.12.1.LTS\lib\</path>
         <kind>archive</kind>
         <file>rtsv7M4_T_le_v4SPD16_eabi.lib</file>
         <name>exit.c.obj</name>
      </input_file>
      <input_file id="fl-d9">
         <path>E:\merged_partition_content\Programs\ccs\tools\compiler\ti-cgt-arm_18.12.1.LTS\lib\</path>
         <kind>archive</kind>
         <file>rtsv7M4_T_le_v4SPD16_eabi.lib</file>
         <name>_lock.c.obj</name>
      </input_file>
      <input_file id="fl-da">
         <path>E:\merged_partition_content\Programs\ccs\tools\compiler\ti-cgt-arm_18.12.1.LTS\lib\</path>
         <kind>archive</kind>
         <file>rtsv7M4_T_le_v4SPD16_eabi.lib</file>
         <name>args_main.c.obj</name>
      </input_file>
      <input_file id="fl-db">
         <path>E:\merged_partition_content\Programs\ti\driverlib\ccs\Debug\</path>
         <kind>archive</kind>
         <file>driverlib.lib</file>
         <name>can.obj</name>
      </input_file>
      <input_file id="fl-dc">
         <path>E:\merged_partition_content\Programs\ti\driverlib\ccs\Debug\</path>
         <kind>archive</kind>
         <file>driverlib.lib</file>
         <name>gpio.obj</name>
      </input_file>
      <input_file id="fl-dd">
         <path>E:\merged_partition_content\Programs\ti\driverlib\ccs\Debug\</path>
         <kind>archive</kind>
         <file>driverlib.lib</file>
         <name>interrupt.obj</name>
      </input_file>
      <input_file id="fl-de">
         <path>E:\merged_partition_content\Programs\ti\driverlib\ccs\Debug\</path>
         <kind>archive</kind>
         <file>driverlib.lib</file>
         <name>sysctl.obj</name>
      </input_file>
      <input_file id="fl-df">
         <path>E:\merged_partition_content\Programs\ti\driverlib\ccs\Debug\</path>
         <kind>archive</kind>
         <file>driverlib.lib</file>
         <name>uart.obj</name>
      </input_file>
      <input_file id="fl-e0">
         <path>E:\merged_partition_content\Programs\ti\driverlib\ccs\Debug\</path>
         <kind>archive</kind>
         <file>driverlib.lib</file>
         <name>cpu.obj</name>
      </input_file>
   </input_file_list>
   <object_component_list>
      <object_component id="oc-f">
         <name>.intvecs</name>
         <load_address>0x0</load_address>
         <run_address>0x0</run_address>
         <size>0x26c</size>
         <input_file_ref idref="fl-6"/>
      </object_component>
      <object_component id="oc-1d9">
         <name>.text:UARTvprintf</name>
         <load_address>0x26c</load_address>
         <run_address>0x26c</run_address>
         <size>0x1ea</size>
         <input_file_ref idref="fl-10"/>
      </object_component>
      <object_component id="oc-49a">
         <name>.text:CANMessageSet</name>
         <load_address>0x456</load_address>
         <run_address>0x456</run_address>
         <size>0x136</size>
         <input_file_ref idref="fl-db"/>
      </object_component>
      <object_component id="oc-2e2">
         <name>.text:GPIOPadConfigSet</name>
         <load_address>0x58c</load_address>
         <run_address>0x58c</run_address>
         <size>0x132</size>
         <input_file_ref idref="fl-dc"/>
      </object_component>
      <object_component id="oc-30">
         <name>.text:FaultISR</name>
         <load_address>0x6be</load_address>
         <run_address>0x6be</run_address>
         <size>0x2</size>
         <input_file_ref idref="fl-6"/>
      </object_component>
      <object_component id="oc-329">
         <name>.text:xQueueGenericReceive</name>
         <load_address>0x6c0</load_address>
         <run_address>0x6c0</run_address>
         <size>0x118</size>
         <input_file_ref idref="fl-b"/>
      </object_component>
      <object_component id="oc-98">
         <name>.text:xTaskIncrementTick</name>
         <load_address>0x7d8</load_address>
         <run_address>0x7d8</run_address>
         <size>0x104</size>
         <input_file_ref idref="fl-c"/>
      </object_component>
      <object_component id="oc-208">
         <name>.text:xTaskGenericCreate</name>
         <load_address>0x8dc</load_address>
         <run_address>0x8dc</run_address>
         <size>0x100</size>
         <input_file_ref idref="fl-c"/>
      </object_component>
      <object_component id="oc-1f2">
         <name>.text:xQueueGenericSend</name>
         <load_address>0x9dc</load_address>
         <run_address>0x9dc</run_address>
         <size>0xe8</size>
         <input_file_ref idref="fl-b"/>
      </object_component>
      <object_component id="oc-27f">
         <name>.text:xTaskResumeAll</name>
         <load_address>0xac4</load_address>
         <run_address>0xac4</run_address>
         <size>0xe4</size>
         <input_file_ref idref="fl-c"/>
      </object_component>
      <object_component id="oc-4a0">
         <name>.text:CANInterruptHandler</name>
         <load_address>0xba8</load_address>
         <run_address>0xba8</run_address>
         <size>0xdc</size>
         <input_file_ref idref="fl-2"/>
      </object_component>
      <object_component id="oc-3c">
         <name>.text</name>
         <load_address>0xc84</load_address>
         <run_address>0xc84</run_address>
         <size>0xd2</size>
         <input_file_ref idref="fl-e"/>
      </object_component>
      <object_component id="oc-36">
         <name>.text:IntDefaultHandler</name>
         <load_address>0xd56</load_address>
         <run_address>0xd56</run_address>
         <size>0x2</size>
         <input_file_ref idref="fl-6"/>
      </object_component>
      <object_component id="oc-404">
         <name>.text:CanInt</name>
         <load_address>0xd58</load_address>
         <run_address>0xd58</run_address>
         <size>0xbc</size>
         <input_file_ref idref="fl-2"/>
      </object_component>
      <object_component id="oc-1e6">
         <name>.text:pvPortMalloc</name>
         <load_address>0xe14</load_address>
         <run_address>0xe14</run_address>
         <size>0xac</size>
         <input_file_ref idref="fl-f"/>
      </object_component>
      <object_component id="oc-cc">
         <name>.text:main</name>
         <load_address>0xec0</load_address>
         <run_address>0xec0</run_address>
         <size>0xa4</size>
         <input_file_ref idref="fl-3"/>
      </object_component>
      <object_component id="oc-55">
         <name>.text</name>
         <load_address>0xf64</load_address>
         <run_address>0xf64</run_address>
         <size>0x9c</size>
         <input_file_ref idref="fl-cd"/>
      </object_component>
      <object_component id="oc-417">
         <name>.text:vTaskPriorityInherit</name>
         <load_address>0x1000</load_address>
         <run_address>0x1000</run_address>
         <size>0x90</size>
         <input_file_ref idref="fl-c"/>
      </object_component>
      <object_component id="oc-91">
         <name>.text:vTaskSwitchContext</name>
         <load_address>0x1090</load_address>
         <run_address>0x1090</run_address>
         <size>0x8c</size>
         <input_file_ref idref="fl-c"/>
      </object_component>
      <object_component id="oc-335">
         <name>.text:vTaskDelayUntil</name>
         <load_address>0x111c</load_address>
         <run_address>0x111c</run_address>
         <size>0x84</size>
         <input_file_ref idref="fl-c"/>
      </object_component>
      <object_component id="oc-1fb">
         <name>.text:xQueueGenericReset</name>
         <load_address>0x11a0</load_address>
         <run_address>0x11a0</run_address>
         <size>0x84</size>
         <input_file_ref idref="fl-b"/>
      </object_component>
      <object_component id="oc-c0">
         <name>.text</name>
         <load_address>0x1224</load_address>
         <run_address>0x1224</run_address>
         <size>0x7a</size>
         <input_file_ref idref="fl-cf"/>
      </object_component>
      <object_component id="oc-2a">
         <name>.text:NmiSR</name>
         <load_address>0x129e</load_address>
         <run_address>0x129e</run_address>
         <size>0x2</size>
         <input_file_ref idref="fl-6"/>
      </object_component>
      <object_component id="oc-3b1">
         <name>.text:xTaskPriorityDisinherit</name>
         <load_address>0x12a0</load_address>
         <run_address>0x12a0</run_address>
         <size>0x78</size>
         <input_file_ref idref="fl-c"/>
      </object_component>
      <object_component id="oc-2c1">
         <name>.text:xTaskRemoveFromEventList</name>
         <load_address>0x1318</load_address>
         <run_address>0x1318</run_address>
         <size>0x74</size>
         <input_file_ref idref="fl-c"/>
      </object_component>
      <object_component id="oc-2bb">
         <name>.text:prvCopyDataToQueue</name>
         <load_address>0x138c</load_address>
         <run_address>0x138c</run_address>
         <size>0x72</size>
         <input_file_ref idref="fl-b"/>
      </object_component>
      <object_component id="oc-379">
         <name>.text</name>
         <load_address>0x13fe</load_address>
         <run_address>0x13fe</run_address>
         <size>0x2</size>
         <input_file_ref idref="fl-d4"/>
      </object_component>
      <object_component id="oc-13d">
         <name>.text:LEDTaskInit</name>
         <load_address>0x1400</load_address>
         <run_address>0x1400</run_address>
         <size>0x6c</size>
         <input_file_ref idref="fl-5"/>
      </object_component>
      <object_component id="oc-3d2">
         <name>.text:IntEnable</name>
         <load_address>0x146c</load_address>
         <run_address>0x146c</run_address>
         <size>0x68</size>
         <input_file_ref idref="fl-dd"/>
      </object_component>
      <object_component id="oc-211">
         <name>.text:LEDTaskStartup</name>
         <load_address>0x14d4</load_address>
         <run_address>0x14d4</run_address>
         <size>0x68</size>
         <input_file_ref idref="fl-5"/>
      </object_component>
      <object_component id="oc-202">
         <name>.text:PORTF_init</name>
         <load_address>0x153c</load_address>
         <run_address>0x153c</run_address>
         <size>0x68</size>
         <input_file_ref idref="fl-4"/>
      </object_component>
      <object_component id="oc-12">
         <name>.text:decompress:lzss:__TI_decompress_lzss</name>
         <load_address>0x15a4</load_address>
         <run_address>0x15a4</run_address>
         <size>0x68</size>
         <input_file_ref idref="fl-d2"/>
      </object_component>
      <object_component id="oc-125">
         <name>.text:ConfigureUART</name>
         <load_address>0x160c</load_address>
         <run_address>0x160c</run_address>
         <size>0x64</size>
         <input_file_ref idref="fl-3"/>
      </object_component>
      <object_component id="oc-2b5">
         <name>.text:vTaskPlaceOnEventList</name>
         <load_address>0x1670</load_address>
         <run_address>0x1670</run_address>
         <size>0x64</size>
         <input_file_ref idref="fl-c"/>
      </object_component>
      <object_component id="oc-2a9">
         <name>.text:prvUnlockQueue</name>
         <load_address>0x16d4</load_address>
         <run_address>0x16d4</run_address>
         <size>0x62</size>
         <input_file_ref idref="fl-b"/>
      </object_component>
      <object_component id="oc-e9">
         <name>.text:vApplicationStackOverflowHook</name>
         <load_address>0x1736</load_address>
         <run_address>0x1736</run_address>
         <size>0x2</size>
         <input_file_ref idref="fl-3"/>
      </object_component>
      <object_component id="oc-217">
         <name>.text:LEDTaskNormal</name>
         <load_address>0x1738</load_address>
         <run_address>0x1738</run_address>
         <size>0x60</size>
         <input_file_ref idref="fl-5"/>
      </object_component>
      <object_component id="oc-1d2">
         <name>.text:UARTStdioConfig</name>
         <load_address>0x1798</load_address>
         <run_address>0x1798</run_address>
         <size>0x60</size>
         <input_file_ref idref="fl-10"/>
      </object_component>
      <object_component id="oc-313">
         <name>.text:prvInitialiseTaskLists</name>
         <load_address>0x17f8</load_address>
         <run_address>0x17f8</run_address>
         <size>0x60</size>
         <input_file_ref idref="fl-c"/>
      </object_component>
      <object_component id="oc-143">
         <name>.text:vTaskStartScheduler</name>
         <load_address>0x1858</load_address>
         <run_address>0x1858</run_address>
         <size>0x60</size>
         <input_file_ref idref="fl-c"/>
      </object_component>
      <object_component id="oc-4c2">
         <name>.text:_CANIntNumberGet</name>
         <load_address>0x18b8</load_address>
         <run_address>0x18b8</run_address>
         <size>0x5c</size>
         <input_file_ref idref="fl-db"/>
      </object_component>
      <object_component id="oc-4e8">
         <name>.text:xQueueGenericSendFromISR</name>
         <load_address>0x1914</load_address>
         <run_address>0x1914</run_address>
         <size>0x5c</size>
         <input_file_ref idref="fl-b"/>
      </object_component>
      <object_component id="oc-346">
         <name>.text:prvCheckTasksWaitingTermination</name>
         <load_address>0x1970</load_address>
         <run_address>0x1970</run_address>
         <size>0x58</size>
         <input_file_ref idref="fl-c"/>
      </object_component>
      <object_component id="oc-2e8">
         <name>.text:GPIOIntTypeSet</name>
         <load_address>0x19c8</load_address>
         <run_address>0x19c8</run_address>
         <size>0x56</size>
         <input_file_ref idref="fl-dc"/>
      </object_component>
      <object_component id="oc-307">
         <name>.text:prvInitialiseTCBVariables</name>
         <load_address>0x1a1e</load_address>
         <run_address>0x1a1e</run_address>
         <size>0x56</size>
         <input_file_ref idref="fl-c"/>
      </object_component>
      <object_component id="oc-4e2">
         <name>.text:xQueueGiveFromISR</name>
         <load_address>0x1a74</load_address>
         <run_address>0x1a74</run_address>
         <size>0x56</size>
         <input_file_ref idref="fl-b"/>
      </object_component>
      <object_component id="oc-2a3">
         <name>.text:xTaskCheckForTimeOut</name>
         <load_address>0x1acc</load_address>
         <run_address>0x1acc</run_address>
         <size>0x54</size>
         <input_file_ref idref="fl-c"/>
      </object_component>
      <object_component id="oc-131">
         <name>.text:xQueueCreateMutex</name>
         <load_address>0x1b20</load_address>
         <run_address>0x1b20</run_address>
         <size>0x4e</size>
         <input_file_ref idref="fl-b"/>
      </object_component>
      <object_component id="oc-3a7">
         <name>.text:prvAddCurrentTaskToDelayedList</name>
         <load_address>0x1b70</load_address>
         <run_address>0x1b70</run_address>
         <size>0x4c</size>
         <input_file_ref idref="fl-c"/>
      </object_component>
      <object_component id="oc-476">
         <name>.text:GPIOPinConfigure</name>
         <load_address>0x1bbc</load_address>
         <run_address>0x1bbc</run_address>
         <size>0x48</size>
         <input_file_ref idref="fl-dc"/>
      </object_component>
      <object_component id="oc-40a">
         <name>.text:SendTokenTask</name>
         <load_address>0x1c04</load_address>
         <run_address>0x1c04</run_address>
         <size>0x48</size>
         <input_file_ref idref="fl-2"/>
      </object_component>
      <object_component id="oc-265">
         <name>.text:UARTwrite</name>
         <load_address>0x1c4c</load_address>
         <run_address>0x1c4c</run_address>
         <size>0x48</size>
         <input_file_ref idref="fl-10"/>
      </object_component>
      <object_component id="oc-3c6">
         <name>.text:_GPIOIntNumberGet</name>
         <load_address>0x1c94</load_address>
         <run_address>0x1c94</run_address>
         <size>0x44</size>
         <input_file_ref idref="fl-dc"/>
      </object_component>
      <object_component id="oc-15e">
         <name>.text:__TI_auto_init_nobinit_nopinit:__TI_auto_init_nobinit_nopinit</name>
         <load_address>0x1cd8</load_address>
         <run_address>0x1cd8</run_address>
         <size>0x44</size>
         <input_file_ref idref="fl-d5"/>
      </object_component>
      <object_component id="oc-3e4">
         <name>.text:vPortFree</name>
         <load_address>0x1d1c</load_address>
         <run_address>0x1d1c</run_address>
         <size>0x44</size>
         <input_file_ref idref="fl-f"/>
      </object_component>
      <object_component id="oc-4ee">
         <name>.text:CANStatusGet</name>
         <load_address>0x1d60</load_address>
         <run_address>0x1d60</run_address>
         <size>0x40</size>
         <input_file_ref idref="fl-db"/>
      </object_component>
      <object_component id="oc-26b">
         <name>.text</name>
         <load_address>0x1da0</load_address>
         <run_address>0x1da0</run_address>
         <size>0x40</size>
         <input_file_ref idref="fl-ce"/>
      </object_component>
      <object_component id="oc-21e">
         <name>.text:xPortStartScheduler</name>
         <load_address>0x1de0</load_address>
         <run_address>0x1de0</run_address>
         <size>0x40</size>
         <input_file_ref idref="fl-d"/>
      </object_component>
      <object_component id="oc-322">
         <name>.text:CANTokenTaskInit</name>
         <load_address>0x1e20</load_address>
         <run_address>0x1e20</run_address>
         <size>0x3c</size>
         <input_file_ref idref="fl-2"/>
      </object_component>
      <object_component id="oc-137">
         <name>.text:xQueueGenericCreate</name>
         <load_address>0x1e5c</load_address>
         <run_address>0x1e5c</run_address>
         <size>0x3c</size>
         <input_file_ref idref="fl-b"/>
      </object_component>
      <object_component id="oc-482">
         <name>.text:CANInit</name>
         <load_address>0x1e98</load_address>
         <run_address>0x1e98</run_address>
         <size>0x3a</size>
         <input_file_ref idref="fl-db"/>
      </object_component>
      <object_component id="oc-301">
         <name>.text:prvAllocateTCBAndStack</name>
         <load_address>0x1ed2</load_address>
         <run_address>0x1ed2</run_address>
         <size>0x3a</size>
         <input_file_ref idref="fl-c"/>
      </object_component>
      <object_component id="oc-3a1">
         <name>.text:vListInsert</name>
         <load_address>0x1f0c</load_address>
         <run_address>0x1f0c</run_address>
         <size>0x38</size>
         <input_file_ref idref="fl-a"/>
      </object_component>
      <object_component id="oc-3cc">
         <name>.text:IntRegister</name>
         <load_address>0x1f44</load_address>
         <run_address>0x1f44</run_address>
         <size>0x34</size>
         <input_file_ref idref="fl-dd"/>
      </object_component>
      <object_component id="oc-2d0">
         <name>.text:SysCtlPeripheralEnable</name>
         <load_address>0x1f78</load_address>
         <run_address>0x1f78</run_address>
         <size>0x34</size>
         <input_file_ref idref="fl-de"/>
      </object_component>
      <object_component id="oc-73">
         <name>.text:_c_int00_noargs:_c_int00_noargs</name>
         <load_address>0x1fac</load_address>
         <run_address>0x1fac</run_address>
         <size>0x34</size>
         <input_file_ref idref="fl-d3"/>
      </object_component>
      <object_component id="oc-279">
         <name>.text:prvHeapInit</name>
         <load_address>0x1fe0</load_address>
         <run_address>0x1fe0</run_address>
         <size>0x30</size>
         <input_file_ref idref="fl-f"/>
      </object_component>
      <object_component id="oc-41">
         <name>.text:xPortSysTickHandler</name>
         <load_address>0x2010</load_address>
         <run_address>0x2010</run_address>
         <size>0x2c</size>
         <input_file_ref idref="fl-d"/>
      </object_component>
      <object_component id="oc-3bb">
         <name>.text:GPIODirModeSet</name>
         <load_address>0x203c</load_address>
         <run_address>0x203c</run_address>
         <size>0x2a</size>
         <input_file_ref idref="fl-dc"/>
      </object_component>
      <object_component id="oc-f3">
         <name>.text:prvResetNextTaskUnblockTime</name>
         <load_address>0x2068</load_address>
         <run_address>0x2068</run_address>
         <size>0x28</size>
         <input_file_ref idref="fl-c"/>
      </object_component>
      <object_component id="oc-30d">
         <name>.text:pxPortInitialiseStack</name>
         <load_address>0x2090</load_address>
         <run_address>0x2090</run_address>
         <size>0x28</size>
         <input_file_ref idref="fl-d"/>
      </object_component>
      <object_component id="oc-41d">
         <name>.text:prvCopyDataFromQueue</name>
         <load_address>0x20b8</load_address>
         <run_address>0x20b8</run_address>
         <size>0x26</size>
         <input_file_ref idref="fl-b"/>
      </object_component>
      <object_component id="oc-4ca">
         <name>.text:_CANDataRegWrite</name>
         <load_address>0x20de</load_address>
         <run_address>0x20de</run_address>
         <size>0x24</size>
         <input_file_ref idref="fl-db"/>
      </object_component>
      <object_component id="oc-4dc">
         <name>.text:CANIntClear</name>
         <load_address>0x2102</load_address>
         <run_address>0x2102</run_address>
         <size>0x22</size>
         <input_file_ref idref="fl-db"/>
      </object_component>
      <object_component id="oc-4d6">
         <name>.text:CANIntStatus</name>
         <load_address>0x2124</load_address>
         <run_address>0x2124</run_address>
         <size>0x20</size>
         <input_file_ref idref="fl-db"/>
      </object_component>
      <object_component id="oc-f9">
         <name>.text:uxListRemove</name>
         <load_address>0x2144</load_address>
         <run_address>0x2144</run_address>
         <size>0x20</size>
         <input_file_ref idref="fl-a"/>
      </object_component>
      <object_component id="oc-2fa">
         <name>.text:GPIOF_Handler</name>
         <load_address>0x2164</load_address>
         <run_address>0x2164</run_address>
         <size>0x1c</size>
         <input_file_ref idref="fl-4"/>
      </object_component>
      <object_component id="oc-2af">
         <name>.text:prvIsQueueFull</name>
         <load_address>0x2180</load_address>
         <run_address>0x2180</run_address>
         <size>0x1c</size>
         <input_file_ref idref="fl-b"/>
      </object_component>
      <object_component id="oc-29d">
         <name>.text:vPortEnterCritical</name>
         <load_address>0x219c</load_address>
         <run_address>0x219c</run_address>
         <size>0x1c</size>
         <input_file_ref idref="fl-d"/>
      </object_component>
      <object_component id="oc-12b">
         <name>.text:UARTprintf</name>
         <load_address>0x21b8</load_address>
         <run_address>0x21b8</run_address>
         <size>0x1a</size>
         <input_file_ref idref="fl-10"/>
      </object_component>
      <object_component id="oc-411">
         <name>.text:prvIsQueueEmpty</name>
         <load_address>0x21d2</load_address>
         <run_address>0x21d2</run_address>
         <size>0x1a</size>
         <input_file_ref idref="fl-b"/>
      </object_component>
      <object_component id="oc-48e">
         <name>.text:CANIntRegister</name>
         <load_address>0x21ec</load_address>
         <run_address>0x21ec</run_address>
         <size>0x18</size>
         <input_file_ref idref="fl-db"/>
      </object_component>
      <object_component id="oc-2ee">
         <name>.text:GPIOIntRegister</name>
         <load_address>0x2204</load_address>
         <run_address>0x2204</run_address>
         <size>0x18</size>
         <input_file_ref idref="fl-dc"/>
      </object_component>
      <object_component id="oc-2dc">
         <name>.text:GPIOPinTypeGPIOOutput</name>
         <load_address>0x221c</load_address>
         <run_address>0x221c</run_address>
         <size>0x18</size>
         <input_file_ref idref="fl-dc"/>
      </object_component>
      <object_component id="oc-423">
         <name>.text:pvTaskIncrementMutexHeldCount</name>
         <load_address>0x2234</load_address>
         <run_address>0x2234</run_address>
         <size>0x18</size>
         <input_file_ref idref="fl-c"/>
      </object_component>
      <object_component id="oc-ff">
         <name>.text:vListInsertEnd</name>
         <load_address>0x224c</load_address>
         <run_address>0x224c</run_address>
         <size>0x18</size>
         <input_file_ref idref="fl-a"/>
      </object_component>
      <object_component id="oc-297">
         <name>.text:vPortExitCritical</name>
         <load_address>0x2264</load_address>
         <run_address>0x2264</run_address>
         <size>0x18</size>
         <input_file_ref idref="fl-d"/>
      </object_component>
      <object_component id="oc-291">
         <name>.text:vTaskSetTimeOutState</name>
         <load_address>0x227c</load_address>
         <run_address>0x227c</run_address>
         <size>0x18</size>
         <input_file_ref idref="fl-c"/>
      </object_component>
      <object_component id="oc-1ec">
         <name>.text:vListInitialise</name>
         <load_address>0x2294</load_address>
         <run_address>0x2294</run_address>
         <size>0x16</size>
         <input_file_ref idref="fl-a"/>
      </object_component>
      <object_component id="oc-33c">
         <name>.text:vPortSetupTimerInterrupt</name>
         <load_address>0x22ac</load_address>
         <run_address>0x22ac</run_address>
         <size>0x14</size>
         <input_file_ref idref="fl-d"/>
      </object_component>
      <object_component id="oc-47c">
         <name>.text:GPIOPinTypeCAN</name>
         <load_address>0x22c0</load_address>
         <run_address>0x22c0</run_address>
         <size>0x12</size>
         <input_file_ref idref="fl-dc"/>
      </object_component>
      <object_component id="oc-2d6">
         <name>.text:GPIOPinTypeGPIOInput</name>
         <load_address>0x22d2</load_address>
         <run_address>0x22d2</run_address>
         <size>0x12</size>
         <input_file_ref idref="fl-dc"/>
      </object_component>
      <object_component id="oc-42f">
         <name>.text:prvDeleteTCB</name>
         <load_address>0x22e4</load_address>
         <run_address>0x22e4</run_address>
         <size>0x12</size>
         <input_file_ref idref="fl-c"/>
      </object_component>
      <object_component id="oc-3f2">
         <name>.text:prvTaskExitError</name>
         <load_address>0x22f6</load_address>
         <run_address>0x22f6</run_address>
         <size>0x10</size>
         <input_file_ref idref="fl-d"/>
      </object_component>
      <object_component id="oc-273">
         <name>.text:vTaskSuspendAll</name>
         <load_address>0x2308</load_address>
         <run_address>0x2308</run_address>
         <size>0x10</size>
         <input_file_ref idref="fl-c"/>
      </object_component>
      <object_component id="oc-18">
         <name>.text:decompress:none:__TI_decompress_none</name>
         <load_address>0x2318</load_address>
         <run_address>0x2318</run_address>
         <size>0xe</size>
         <input_file_ref idref="fl-d1"/>
      </object_component>
      <object_component id="oc-2f4">
         <name>.text:GPIOIntEnable</name>
         <load_address>0x2326</load_address>
         <run_address>0x2326</run_address>
         <size>0xc</size>
         <input_file_ref idref="fl-dc"/>
      </object_component>
      <object_component id="oc-67">
         <name>.text:decompress:ZI:__TI_zero_init</name>
         <load_address>0x2332</load_address>
         <run_address>0x2332</run_address>
         <size>0xc</size>
         <input_file_ref idref="fl-d0"/>
      </object_component>
      <object_component id="oc-399">
         <name>.text:vTaskMissedYield</name>
         <load_address>0x2340</load_address>
         <run_address>0x2340</run_address>
         <size>0xc</size>
         <input_file_ref idref="fl-c"/>
      </object_component>
      <object_component id="oc-32f">
         <name>.text:xTaskGetTickCount</name>
         <load_address>0x234c</load_address>
         <run_address>0x234c</run_address>
         <size>0xc</size>
         <input_file_ref idref="fl-c"/>
      </object_component>
      <object_component id="oc-494">
         <name>.text:CANEnable</name>
         <load_address>0x2358</load_address>
         <run_address>0x2358</run_address>
         <size>0xa</size>
         <input_file_ref idref="fl-db"/>
      </object_component>
      <object_component id="oc-488">
         <name>.text:CANIntEnable</name>
         <load_address>0x2362</load_address>
         <run_address>0x2362</run_address>
         <size>0x8</size>
         <input_file_ref idref="fl-db"/>
      </object_component>
      <object_component id="oc-224">
         <name>.text:prvIdleTask</name>
         <load_address>0x236a</load_address>
         <run_address>0x236a</run_address>
         <size>0x8</size>
         <input_file_ref idref="fl-c"/>
      </object_component>
      <object_component id="oc-3da">
         <name>.text:GPIOIntClear</name>
         <load_address>0x2372</load_address>
         <run_address>0x2372</run_address>
         <size>0x6</size>
         <input_file_ref idref="fl-dc"/>
      </object_component>
      <object_component id="oc-31c">
         <name>.text:GPIOPinWrite</name>
         <load_address>0x2378</load_address>
         <run_address>0x2378</run_address>
         <size>0x6</size>
         <input_file_ref idref="fl-dc"/>
      </object_component>
      <object_component id="oc-24">
         <name>.text:ResetISR</name>
         <load_address>0x237e</load_address>
         <run_address>0x237e</run_address>
         <size>0x6</size>
         <input_file_ref idref="fl-6"/>
      </object_component>
      <object_component id="oc-1cc">
         <name>.text:UARTClockSourceSet</name>
         <load_address>0x2384</load_address>
         <run_address>0x2384</run_address>
         <size>0x6</size>
         <input_file_ref idref="fl-df"/>
      </object_component>
      <object_component id="oc-3eb">
         <name>.text:vListInitialiseItem</name>
         <load_address>0x238a</load_address>
         <run_address>0x238a</run_address>
         <size>0x6</size>
         <input_file_ref idref="fl-a"/>
      </object_component>
      <object_component id="oc-c6">
         <name>.text:_system_pre_init</name>
         <load_address>0x2390</load_address>
         <run_address>0x2390</run_address>
         <size>0x4</size>
         <input_file_ref idref="fl-d6"/>
      </object_component>
      <object_component id="oc-152">
         <name>.text:abort:abort</name>
         <load_address>0x2394</load_address>
         <run_address>0x2394</run_address>
         <size>0x4</size>
         <input_file_ref idref="fl-d8"/>
      </object_component>
      <object_component id="oc-45d">
         <name>.const:g_ppui32GPIOIntMapSnowflake</name>
         <load_address>0x2398</load_address>
         <run_address>0x2398</run_address>
         <size>0xd8</size>
         <input_file_ref idref="fl-dc"/>
      </object_component>
      <object_component id="oc-45a">
         <name>.const:g_ppui32GPIOIntMapBlizzard</name>
         <load_address>0x2470</load_address>
         <run_address>0x2470</run_address>
         <size>0xc0</size>
         <input_file_ref idref="fl-dc"/>
      </object_component>
      <object_component id="oc-4ba">
         <name>.const:g_pui32GPIOBaseAddrs</name>
         <load_address>0x2530</load_address>
         <run_address>0x2530</run_address>
         <size>0x90</size>
         <input_file_ref idref="fl-dc"/>
      </object_component>
      <object_component id="oc-466">
         <name>.const</name>
         <load_address>0x25c0</load_address>
         <run_address>0x25c0</run_address>
         <size>0x70</size>
         <input_file_ref idref="fl-dd"/>
      </object_component>
      <object_component id="oc-25b">
         <name>.const:g_ui32UARTBase</name>
         <load_address>0x2630</load_address>
         <run_address>0x2630</run_address>
         <size>0xc</size>
         <input_file_ref idref="fl-10"/>
      </object_component>
      <object_component id="oc-258">
         <name>.const:g_ui32UARTPeriph</name>
         <load_address>0x263c</load_address>
         <run_address>0x263c</run_address>
         <size>0xc</size>
         <input_file_ref idref="fl-10"/>
      </object_component>
      <object_component id="oc-8e">
         <name>.const</name>
         <load_address>0x2648</load_address>
         <run_address>0x2648</run_address>
         <size>0x4</size>
         <input_file_ref idref="fl-d"/>
      </object_component>
      <object_component id="oc-52a">
         <name>.cinit..data.load</name>
         <load_address>0x2650</load_address>
         <run_address>0x2650</run_address>
         <size>0x1a</size>
      </object_component>
      <object_component id="oc-527">
         <name>__TI_handler_table</name>
         <load_address>0x266c</load_address>
         <run_address>0x266c</run_address>
         <size>0xc</size>
      </object_component>
      <object_component id="oc-52b">
         <name>.cinit..bss.load</name>
         <load_address>0x2678</load_address>
         <run_address>0x2678</run_address>
         <size>0x8</size>
      </object_component>
      <object_component id="oc-529">
         <name>.cinit..vtable.load</name>
         <load_address>0x2680</load_address>
         <run_address>0x2680</run_address>
         <size>0x8</size>
      </object_component>
      <object_component id="oc-528">
         <name>__TI_cinit_table</name>
         <load_address>0x2688</load_address>
         <run_address>0x2688</run_address>
         <size>0x18</size>
      </object_component>
      <object_component id="oc-461">
         <name>.vtable</name>
         <uninitialized>true</uninitialized>
         <run_address>0x20000000</run_address>
         <size>0x26c</size>
         <input_file_ref idref="fl-dd"/>
      </object_component>
      <object_component id="oc-3e0">
         <name>.data</name>
         <load_address>0x20007bc8</load_address>
         <run_address>0x20007bc8</run_address>
         <size>0x17</size>
         <input_file_ref idref="fl-2"/>
      </object_component>
      <object_component id="oc-20e">
         <name>.data</name>
         <load_address>0x20007be8</load_address>
         <run_address>0x20007be8</run_address>
         <size>0x8</size>
         <input_file_ref idref="fl-5"/>
      </object_component>
      <object_component id="oc-8b">
         <name>.data</name>
         <load_address>0x20007b98</load_address>
         <run_address>0x20007b98</run_address>
         <size>0x30</size>
         <input_file_ref idref="fl-c"/>
      </object_component>
      <object_component id="oc-342">
         <name>.data</name>
         <load_address>0x20007bf8</load_address>
         <run_address>0x20007bf8</run_address>
         <size>0x4</size>
         <input_file_ref idref="fl-d"/>
      </object_component>
      <object_component id="oc-285">
         <name>.data</name>
         <load_address>0x20007be0</load_address>
         <run_address>0x20007be0</run_address>
         <size>0x8</size>
         <input_file_ref idref="fl-f"/>
      </object_component>
      <object_component id="oc-25e">
         <name>.data</name>
         <load_address>0x20007bf0</load_address>
         <run_address>0x20007bf0</run_address>
         <size>0x5</size>
         <input_file_ref idref="fl-10"/>
      </object_component>
      <object_component id="oc-ef">
         <name>.bss:pxReadyTasksLists</name>
         <uninitialized>true</uninitialized>
         <run_address>0x2000779c</run_address>
         <size>0x140</size>
         <input_file_ref idref="fl-c"/>
      </object_component>
      <object_component id="oc-3f9">
         <name>.bss:xDelayedTaskList1</name>
         <uninitialized>true</uninitialized>
         <run_address>0x200078dc</run_address>
         <size>0x14</size>
         <input_file_ref idref="fl-c"/>
      </object_component>
      <object_component id="oc-3fc">
         <name>.bss:xDelayedTaskList2</name>
         <uninitialized>true</uninitialized>
         <run_address>0x200078f0</run_address>
         <size>0x14</size>
         <input_file_ref idref="fl-c"/>
      </object_component>
      <object_component id="oc-105">
         <name>.bss</name>
         <uninitialized>true</uninitialized>
         <run_address>0x20007968</run_address>
         <size>0x8</size>
         <input_file_ref idref="fl-c"/>
      </object_component>
      <object_component id="oc-384">
         <name>.bss:xPendingReadyList</name>
         <uninitialized>true</uninitialized>
         <run_address>0x20007904</run_address>
         <size>0x14</size>
         <input_file_ref idref="fl-c"/>
      </object_component>
      <object_component id="oc-3ff">
         <name>.bss:xTasksWaitingTermination</name>
         <uninitialized>true</uninitialized>
         <run_address>0x2000792c</run_address>
         <size>0x14</size>
         <input_file_ref idref="fl-c"/>
      </object_component>
      <object_component id="oc-3ad">
         <name>.bss:xSuspendedTaskList</name>
         <uninitialized>true</uninitialized>
         <run_address>0x20007918</run_address>
         <size>0x14</size>
         <input_file_ref idref="fl-c"/>
      </object_component>
      <object_component id="oc-380">
         <name>.bss:ucHeap</name>
         <uninitialized>true</uninitialized>
         <run_address>0x2000026c</run_address>
         <size>0x7530</size>
         <input_file_ref idref="fl-f"/>
      </object_component>
      <object_component id="oc-288">
         <name>.bss:xStart</name>
         <uninitialized>true</uninitialized>
         <run_address>0x20007978</run_address>
         <size>0x8</size>
         <input_file_ref idref="fl-f"/>
      </object_component>
      <object_component id="oc-28b">
         <name>.bss:xEnd</name>
         <uninitialized>true</uninitialized>
         <run_address>0x20007970</run_address>
         <size>0x8</size>
         <input_file_ref idref="fl-f"/>
      </object_component>
      <object_component id="oc-14c">
         <name>.common:can_SendSem</name>
         <uninitialized>true</uninitialized>
         <run_address>0x2000798c</run_address>
         <size>0x4</size>
      </object_component>
      <object_component id="oc-14d">
         <name>.common:can_ReceiveSem</name>
         <uninitialized>true</uninitialized>
         <run_address>0x20007988</run_address>
         <size>0x4</size>
      </object_component>
      <object_component id="oc-14e">
         <name>.common:xRxQueue</name>
         <uninitialized>true</uninitialized>
         <run_address>0x20007994</run_address>
         <size>0x4</size>
      </object_component>
      <object_component id="oc-4a6">
         <name>.common:g_pui8Msg1</name>
         <uninitialized>true</uninitialized>
         <run_address>0x20007980</run_address>
         <size>0x8</size>
      </object_component>
      <object_component id="oc-4a8">
         <name>.common:g_sCANMsgObject1</name>
         <uninitialized>true</uninitialized>
         <run_address>0x20007940</run_address>
         <size>0x14</size>
      </object_component>
      <object_component id="oc-4a7">
         <name>.common:g_sCANMsgObject2</name>
         <uninitialized>true</uninitialized>
         <run_address>0x20007954</run_address>
         <size>0x14</size>
      </object_component>
      <object_component id="oc-149">
         <name>.common:g_pUARTSemaphore</name>
         <uninitialized>true</uninitialized>
         <run_address>0x20007990</run_address>
         <size>0x4</size>
      </object_component>
      <object_component id="oc-21">
         <name>.stack</name>
         <uninitialized>true</uninitialized>
         <run_address>0x20007998</run_address>
         <size>0x4</size>
         <input_file_ref idref="fl-d3"/>
      </object_component>
      <object_component id="oc-52c">
         <name>.stack</name>
         <uninitialized>true</uninitialized>
         <run_address>0x20007998</run_address>
         <size>0x0</size>
      </object_component>
      <object_component id="oc-113">
         <name>.debug_info</name>
         <load_address>0x0</load_address>
         <run_address>0x0</run_address>
         <size>0x96b</size>
         <input_file_ref idref="fl-2"/>
      </object_component>
      <object_component id="oc-3e1">
         <name>.debug_info</name>
         <load_address>0x96b</load_address>
         <run_address>0x96b</run_address>
         <size>0x245</size>
         <input_file_ref idref="fl-2"/>
      </object_component>
      <object_component id="oc-40b">
         <name>.debug_info</name>
         <load_address>0xbb0</load_address>
         <run_address>0xbb0</run_address>
         <size>0x1a3</size>
         <input_file_ref idref="fl-2"/>
      </object_component>
      <object_component id="oc-405">
         <name>.debug_info</name>
         <load_address>0xd53</load_address>
         <run_address>0xd53</run_address>
         <size>0x235</size>
         <input_file_ref idref="fl-2"/>
      </object_component>
      <object_component id="oc-323">
         <name>.debug_info</name>
         <load_address>0xf88</load_address>
         <run_address>0xf88</run_address>
         <size>0x17b</size>
         <input_file_ref idref="fl-2"/>
      </object_component>
      <object_component id="oc-4a1">
         <name>.debug_info</name>
         <load_address>0x1103</load_address>
         <run_address>0x1103</run_address>
         <size>0x284</size>
         <input_file_ref idref="fl-2"/>
      </object_component>
      <object_component id="oc-19c">
         <name>.debug_info</name>
         <load_address>0x1387</load_address>
         <run_address>0x1387</run_address>
         <size>0x2ef</size>
         <input_file_ref idref="fl-2"/>
      </object_component>
      <object_component id="oc-1bd">
         <name>.debug_info</name>
         <load_address>0x1676</load_address>
         <run_address>0x1676</run_address>
         <size>0x1b3</size>
         <input_file_ref idref="fl-2"/>
      </object_component>
      <object_component id="oc-a1">
         <name>.debug_info</name>
         <load_address>0x1829</load_address>
         <run_address>0x1829</run_address>
         <size>0x26b</size>
         <input_file_ref idref="fl-2"/>
      </object_component>
      <object_component id="oc-10e">
         <name>.debug_info</name>
         <load_address>0x1a94</load_address>
         <run_address>0x1a94</run_address>
         <size>0x8b</size>
         <input_file_ref idref="fl-2"/>
      </object_component>
      <object_component id="oc-1c7">
         <name>.debug_info</name>
         <load_address>0x1b1f</load_address>
         <run_address>0x1b1f</run_address>
         <size>0x46</size>
         <input_file_ref idref="fl-2"/>
      </object_component>
      <object_component id="oc-1c2">
         <name>.debug_info</name>
         <load_address>0x1b65</load_address>
         <run_address>0x1b65</run_address>
         <size>0x2c</size>
         <input_file_ref idref="fl-2"/>
      </object_component>
      <object_component id="oc-1a1">
         <name>.debug_info</name>
         <load_address>0x1b91</load_address>
         <run_address>0x1b91</run_address>
         <size>0x2c</size>
         <input_file_ref idref="fl-2"/>
      </object_component>
      <object_component id="oc-109">
         <name>.debug_info</name>
         <load_address>0x1bbd</load_address>
         <run_address>0x1bbd</run_address>
         <size>0x297</size>
         <input_file_ref idref="fl-2"/>
      </object_component>
      <object_component id="oc-a6">
         <name>.debug_info</name>
         <load_address>0x1e54</load_address>
         <run_address>0x1e54</run_address>
         <size>0xbb</size>
         <input_file_ref idref="fl-2"/>
      </object_component>
      <object_component id="oc-e1">
         <name>.debug_info</name>
         <load_address>0x1f0f</load_address>
         <run_address>0x1f0f</run_address>
         <size>0x53</size>
         <input_file_ref idref="fl-2"/>
      </object_component>
      <object_component id="oc-1e1">
         <name>.debug_info</name>
         <load_address>0x1f62</load_address>
         <run_address>0x1f62</run_address>
         <size>0x2c</size>
         <input_file_ref idref="fl-2"/>
      </object_component>
      <object_component id="oc-1ab">
         <name>.debug_info</name>
         <load_address>0x1f8e</load_address>
         <run_address>0x1f8e</run_address>
         <size>0x14c</size>
         <input_file_ref idref="fl-2"/>
      </object_component>
      <object_component id="oc-14a">
         <name>.debug_info</name>
         <load_address>0x20da</load_address>
         <run_address>0x20da</run_address>
         <size>0x515</size>
         <input_file_ref idref="fl-3"/>
      </object_component>
      <object_component id="oc-eb">
         <name>.debug_info</name>
         <load_address>0x25ef</load_address>
         <run_address>0x25ef</run_address>
         <size>0x185</size>
         <input_file_ref idref="fl-3"/>
      </object_component>
      <object_component id="oc-127">
         <name>.debug_info</name>
         <load_address>0x2774</load_address>
         <run_address>0x2774</run_address>
         <size>0x18b</size>
         <input_file_ref idref="fl-3"/>
      </object_component>
      <object_component id="oc-cd">
         <name>.debug_info</name>
         <load_address>0x28ff</load_address>
         <run_address>0x28ff</run_address>
         <size>0x1e3</size>
         <input_file_ref idref="fl-3"/>
      </object_component>
      <object_component id="oc-50">
         <name>.debug_info</name>
         <load_address>0x2ae2</load_address>
         <run_address>0x2ae2</run_address>
         <size>0x84</size>
         <input_file_ref idref="fl-3"/>
      </object_component>
      <object_component id="oc-203">
         <name>.debug_info</name>
         <load_address>0x2b66</load_address>
         <run_address>0x2b66</run_address>
         <size>0x1e9</size>
         <input_file_ref idref="fl-4"/>
      </object_component>
      <object_component id="oc-2fd">
         <name>.debug_info</name>
         <load_address>0x2d4f</load_address>
         <run_address>0x2d4f</run_address>
         <size>0x158</size>
         <input_file_ref idref="fl-4"/>
      </object_component>
      <object_component id="oc-14f">
         <name>.debug_info</name>
         <load_address>0x2ea7</load_address>
         <run_address>0x2ea7</run_address>
         <size>0x538</size>
         <input_file_ref idref="fl-5"/>
      </object_component>
      <object_component id="oc-20f">
         <name>.debug_info</name>
         <load_address>0x33df</load_address>
         <run_address>0x33df</run_address>
         <size>0x13d</size>
         <input_file_ref idref="fl-5"/>
      </object_component>
      <object_component id="oc-215">
         <name>.debug_info</name>
         <load_address>0x351c</load_address>
         <run_address>0x351c</run_address>
         <size>0x1cc</size>
         <input_file_ref idref="fl-5"/>
      </object_component>
      <object_component id="oc-21b">
         <name>.debug_info</name>
         <load_address>0x36e8</load_address>
         <run_address>0x36e8</run_address>
         <size>0x24e</size>
         <input_file_ref idref="fl-5"/>
      </object_component>
      <object_component id="oc-141">
         <name>.debug_info</name>
         <load_address>0x3936</load_address>
         <run_address>0x3936</run_address>
         <size>0x185</size>
         <input_file_ref idref="fl-5"/>
      </object_component>
      <object_component id="oc-49">
         <name>.debug_info</name>
         <load_address>0x3abb</load_address>
         <run_address>0x3abb</run_address>
         <size>0x352</size>
         <input_file_ref idref="fl-6"/>
      </object_component>
      <object_component id="oc-10">
         <name>.debug_info</name>
         <load_address>0x3e0d</load_address>
         <run_address>0x3e0d</run_address>
         <size>0x111</size>
         <input_file_ref idref="fl-6"/>
      </object_component>
      <object_component id="oc-27">
         <name>.debug_info</name>
         <load_address>0x3f1e</load_address>
         <run_address>0x3f1e</run_address>
         <size>0x141</size>
         <input_file_ref idref="fl-6"/>
      </object_component>
      <object_component id="oc-2c">
         <name>.debug_info</name>
         <load_address>0x405f</load_address>
         <run_address>0x405f</run_address>
         <size>0x132</size>
         <input_file_ref idref="fl-6"/>
      </object_component>
      <object_component id="oc-37">
         <name>.debug_info</name>
         <load_address>0x4191</load_address>
         <run_address>0x4191</run_address>
         <size>0x14a</size>
         <input_file_ref idref="fl-6"/>
      </object_component>
      <object_component id="oc-33">
         <name>.debug_info</name>
         <load_address>0x42db</load_address>
         <run_address>0x42db</run_address>
         <size>0x138</size>
         <input_file_ref idref="fl-6"/>
      </object_component>
      <object_component id="oc-1b7">
         <name>.debug_info</name>
         <load_address>0x4413</load_address>
         <run_address>0x4413</run_address>
         <size>0x335</size>
         <input_file_ref idref="fl-a"/>
      </object_component>
      <object_component id="oc-100">
         <name>.debug_info</name>
         <load_address>0x4748</load_address>
         <run_address>0x4748</run_address>
         <size>0x282</size>
         <input_file_ref idref="fl-a"/>
      </object_component>
      <object_component id="oc-3a3">
         <name>.debug_info</name>
         <load_address>0x49ca</load_address>
         <run_address>0x49ca</run_address>
         <size>0x2ad</size>
         <input_file_ref idref="fl-a"/>
      </object_component>
      <object_component id="oc-3ed">
         <name>.debug_info</name>
         <load_address>0x4c77</load_address>
         <run_address>0x4c77</run_address>
         <size>0x22f</size>
         <input_file_ref idref="fl-a"/>
      </object_component>
      <object_component id="oc-1ed">
         <name>.debug_info</name>
         <load_address>0x4ea6</load_address>
         <run_address>0x4ea6</run_address>
         <size>0x227</size>
         <input_file_ref idref="fl-a"/>
      </object_component>
      <object_component id="oc-fa">
         <name>.debug_info</name>
         <load_address>0x50cd</load_address>
         <run_address>0x50cd</run_address>
         <size>0x25a</size>
         <input_file_ref idref="fl-a"/>
      </object_component>
      <object_component id="oc-192">
         <name>.debug_info</name>
         <load_address>0x5327</load_address>
         <run_address>0x5327</run_address>
         <size>0x110</size>
         <input_file_ref idref="fl-a"/>
      </object_component>
      <object_component id="oc-1f9">
         <name>.debug_info</name>
         <load_address>0x5437</load_address>
         <run_address>0x5437</run_address>
         <size>0x7c6</size>
         <input_file_ref idref="fl-b"/>
      </object_component>
      <object_component id="oc-2aa">
         <name>.debug_info</name>
         <load_address>0x5bfd</load_address>
         <run_address>0x5bfd</run_address>
         <size>0x2fc</size>
         <input_file_ref idref="fl-b"/>
      </object_component>
      <object_component id="oc-412">
         <name>.debug_info</name>
         <load_address>0x5ef9</load_address>
         <run_address>0x5ef9</run_address>
         <size>0x27c</size>
         <input_file_ref idref="fl-b"/>
      </object_component>
      <object_component id="oc-41e">
         <name>.debug_info</name>
         <load_address>0x6175</load_address>
         <run_address>0x6175</run_address>
         <size>0x279</size>
         <input_file_ref idref="fl-b"/>
      </object_component>
      <object_component id="oc-32a">
         <name>.debug_info</name>
         <load_address>0x63ee</load_address>
         <run_address>0x63ee</run_address>
         <size>0x5a5</size>
         <input_file_ref idref="fl-b"/>
      </object_component>
      <object_component id="oc-2b0">
         <name>.debug_info</name>
         <load_address>0x6993</load_address>
         <run_address>0x6993</run_address>
         <size>0x27a</size>
         <input_file_ref idref="fl-b"/>
      </object_component>
      <object_component id="oc-2bc">
         <name>.debug_info</name>
         <load_address>0x6c0d</load_address>
         <run_address>0x6c0d</run_address>
         <size>0x2e2</size>
         <input_file_ref idref="fl-b"/>
      </object_component>
      <object_component id="oc-1f3">
         <name>.debug_info</name>
         <load_address>0x6eef</load_address>
         <run_address>0x6eef</run_address>
         <size>0x515</size>
         <input_file_ref idref="fl-b"/>
      </object_component>
      <object_component id="oc-4e3">
         <name>.debug_info</name>
         <load_address>0x7404</load_address>
         <run_address>0x7404</run_address>
         <size>0x32d</size>
         <input_file_ref idref="fl-b"/>
      </object_component>
      <object_component id="oc-4e9">
         <name>.debug_info</name>
         <load_address>0x7731</load_address>
         <run_address>0x7731</run_address>
         <size>0x3a8</size>
         <input_file_ref idref="fl-b"/>
      </object_component>
      <object_component id="oc-1fc">
         <name>.debug_info</name>
         <load_address>0x7ad9</load_address>
         <run_address>0x7ad9</run_address>
         <size>0x300</size>
         <input_file_ref idref="fl-b"/>
      </object_component>
      <object_component id="oc-138">
         <name>.debug_info</name>
         <load_address>0x7dd9</load_address>
         <run_address>0x7dd9</run_address>
         <size>0x35e</size>
         <input_file_ref idref="fl-b"/>
      </object_component>
      <object_component id="oc-132">
         <name>.debug_info</name>
         <load_address>0x8137</load_address>
         <run_address>0x8137</run_address>
         <size>0x2bd</size>
         <input_file_ref idref="fl-b"/>
      </object_component>
      <object_component id="oc-2ca">
         <name>.debug_info</name>
         <load_address>0x83f4</load_address>
         <run_address>0x83f4</run_address>
         <size>0x1cd</size>
         <input_file_ref idref="fl-b"/>
      </object_component>
      <object_component id="oc-e0">
         <name>.debug_info</name>
         <load_address>0x85c1</load_address>
         <run_address>0x85c1</run_address>
         <size>0x7ad</size>
         <input_file_ref idref="fl-c"/>
      </object_component>
      <object_component id="oc-8c">
         <name>.debug_info</name>
         <load_address>0x8d6e</load_address>
         <run_address>0x8d6e</run_address>
         <size>0x359</size>
         <input_file_ref idref="fl-c"/>
      </object_component>
      <object_component id="oc-f0">
         <name>.debug_info</name>
         <load_address>0x90c7</load_address>
         <run_address>0x90c7</run_address>
         <size>0x155</size>
         <input_file_ref idref="fl-c"/>
      </object_component>
      <object_component id="oc-3fa">
         <name>.debug_info</name>
         <load_address>0x921c</load_address>
         <run_address>0x921c</run_address>
         <size>0x155</size>
         <input_file_ref idref="fl-c"/>
      </object_component>
      <object_component id="oc-3fd">
         <name>.debug_info</name>
         <load_address>0x9371</load_address>
         <run_address>0x9371</run_address>
         <size>0x155</size>
         <input_file_ref idref="fl-c"/>
      </object_component>
      <object_component id="oc-106">
         <name>.debug_info</name>
         <load_address>0x94c6</load_address>
         <run_address>0x94c6</run_address>
         <size>0x197</size>
         <input_file_ref idref="fl-c"/>
      </object_component>
      <object_component id="oc-385">
         <name>.debug_info</name>
         <load_address>0x965d</load_address>
         <run_address>0x965d</run_address>
         <size>0x155</size>
         <input_file_ref idref="fl-c"/>
      </object_component>
      <object_component id="oc-400">
         <name>.debug_info</name>
         <load_address>0x97b2</load_address>
         <run_address>0x97b2</run_address>
         <size>0x163</size>
         <input_file_ref idref="fl-c"/>
      </object_component>
      <object_component id="oc-3ae">
         <name>.debug_info</name>
         <load_address>0x9915</load_address>
         <run_address>0x9915</run_address>
         <size>0x157</size>
         <input_file_ref idref="fl-c"/>
      </object_component>
      <object_component id="oc-f4">
         <name>.debug_info</name>
         <load_address>0x9a6c</load_address>
         <run_address>0x9a6c</run_address>
         <size>0x22d</size>
         <input_file_ref idref="fl-c"/>
      </object_component>
      <object_component id="oc-99">
         <name>.debug_info</name>
         <load_address>0x9c99</load_address>
         <run_address>0x9c99</run_address>
         <size>0x2fd</size>
         <input_file_ref idref="fl-c"/>
      </object_component>
      <object_component id="oc-280">
         <name>.debug_info</name>
         <load_address>0x9f96</load_address>
         <run_address>0x9f96</run_address>
         <size>0x2c5</size>
         <input_file_ref idref="fl-c"/>
      </object_component>
      <object_component id="oc-2c2">
         <name>.debug_info</name>
         <load_address>0xa25b</load_address>
         <run_address>0xa25b</run_address>
         <size>0x2ce</size>
         <input_file_ref idref="fl-c"/>
      </object_component>
      <object_component id="oc-3b2">
         <name>.debug_info</name>
         <load_address>0xa529</load_address>
         <run_address>0xa529</run_address>
         <size>0x2af</size>
         <input_file_ref idref="fl-c"/>
      </object_component>
      <object_component id="oc-3a8">
         <name>.debug_info</name>
         <load_address>0xa7d8</load_address>
         <run_address>0xa7d8</run_address>
         <size>0x288</size>
         <input_file_ref idref="fl-c"/>
      </object_component>
      <object_component id="oc-330">
         <name>.debug_info</name>
         <load_address>0xaa60</load_address>
         <run_address>0xaa60</run_address>
         <size>0x220</size>
         <input_file_ref idref="fl-c"/>
      </object_component>
      <object_component id="oc-302">
         <name>.debug_info</name>
         <load_address>0xac80</load_address>
         <run_address>0xac80</run_address>
         <size>0x313</size>
         <input_file_ref idref="fl-c"/>
      </object_component>
      <object_component id="oc-308">
         <name>.debug_info</name>
         <load_address>0xaf93</load_address>
         <run_address>0xaf93</run_address>
         <size>0x30f</size>
         <input_file_ref idref="fl-c"/>
      </object_component>
      <object_component id="oc-314">
         <name>.debug_info</name>
         <load_address>0xb2a2</load_address>
         <run_address>0xb2a2</run_address>
         <size>0x294</size>
         <input_file_ref idref="fl-c"/>
      </object_component>
      <object_component id="oc-209">
         <name>.debug_info</name>
         <load_address>0xb536</load_address>
         <run_address>0xb536</run_address>
         <size>0x4ca</size>
         <input_file_ref idref="fl-c"/>
      </object_component>
      <object_component id="oc-292">
         <name>.debug_info</name>
         <load_address>0xba00</load_address>
         <run_address>0xba00</run_address>
         <size>0x243</size>
         <input_file_ref idref="fl-c"/>
      </object_component>
      <object_component id="oc-2a4">
         <name>.debug_info</name>
         <load_address>0xbc43</load_address>
         <run_address>0xbc43</run_address>
         <size>0x317</size>
         <input_file_ref idref="fl-c"/>
      </object_component>
      <object_component id="oc-92">
         <name>.debug_info</name>
         <load_address>0xbf5a</load_address>
         <run_address>0xbf5a</run_address>
         <size>0x28e</size>
         <input_file_ref idref="fl-c"/>
      </object_component>
      <object_component id="oc-274">
         <name>.debug_info</name>
         <load_address>0xc1e8</load_address>
         <run_address>0xc1e8</run_address>
         <size>0x203</size>
         <input_file_ref idref="fl-c"/>
      </object_component>
      <object_component id="oc-144">
         <name>.debug_info</name>
         <load_address>0xc3eb</load_address>
         <run_address>0xc3eb</run_address>
         <size>0x23e</size>
         <input_file_ref idref="fl-c"/>
      </object_component>
      <object_component id="oc-418">
         <name>.debug_info</name>
         <load_address>0xc629</load_address>
         <run_address>0xc629</run_address>
         <size>0x294</size>
         <input_file_ref idref="fl-c"/>
      </object_component>
      <object_component id="oc-2b6">
         <name>.debug_info</name>
         <load_address>0xc8bd</load_address>
         <run_address>0xc8bd</run_address>
         <size>0x2f4</size>
         <input_file_ref idref="fl-c"/>
      </object_component>
      <object_component id="oc-39a">
         <name>.debug_info</name>
         <load_address>0xcbb1</load_address>
         <run_address>0xcbb1</run_address>
         <size>0x205</size>
         <input_file_ref idref="fl-c"/>
      </object_component>
      <object_component id="oc-336">
         <name>.debug_info</name>
         <load_address>0xcdb6</load_address>
         <run_address>0xcdb6</run_address>
         <size>0x371</size>
         <input_file_ref idref="fl-c"/>
      </object_component>
      <object_component id="oc-424">
         <name>.debug_info</name>
         <load_address>0xd127</load_address>
         <run_address>0xd127</run_address>
         <size>0x223</size>
         <input_file_ref idref="fl-c"/>
      </object_component>
      <object_component id="oc-430">
         <name>.debug_info</name>
         <load_address>0xd34a</load_address>
         <run_address>0xd34a</run_address>
         <size>0x242</size>
         <input_file_ref idref="fl-c"/>
      </object_component>
      <object_component id="oc-347">
         <name>.debug_info</name>
         <load_address>0xd58c</load_address>
         <run_address>0xd58c</run_address>
         <size>0x2d8</size>
         <input_file_ref idref="fl-c"/>
      </object_component>
      <object_component id="oc-225">
         <name>.debug_info</name>
         <load_address>0xd864</load_address>
         <run_address>0xd864</run_address>
         <size>0x23b</size>
         <input_file_ref idref="fl-c"/>
      </object_component>
      <object_component id="oc-197">
         <name>.debug_info</name>
         <load_address>0xda9f</load_address>
         <run_address>0xda9f</run_address>
         <size>0x169</size>
         <input_file_ref idref="fl-c"/>
      </object_component>
      <object_component id="oc-1a6">
         <name>.debug_info</name>
         <load_address>0xdc08</load_address>
         <run_address>0xdc08</run_address>
         <size>0x46</size>
         <input_file_ref idref="fl-c"/>
      </object_component>
      <object_component id="oc-e8">
         <name>.debug_info</name>
         <load_address>0xdc4e</load_address>
         <run_address>0xdc4e</run_address>
         <size>0x415</size>
         <input_file_ref idref="fl-d"/>
      </object_component>
      <object_component id="oc-8f">
         <name>.debug_info</name>
         <load_address>0xe063</load_address>
         <run_address>0xe063</run_address>
         <size>0x183</size>
         <input_file_ref idref="fl-d"/>
      </object_component>
      <object_component id="oc-343">
         <name>.debug_info</name>
         <load_address>0xe1e6</load_address>
         <run_address>0xe1e6</run_address>
         <size>0x16a</size>
         <input_file_ref idref="fl-d"/>
      </object_component>
      <object_component id="oc-42">
         <name>.debug_info</name>
         <load_address>0xe350</load_address>
         <run_address>0xe350</run_address>
         <size>0x263</size>
         <input_file_ref idref="fl-d"/>
      </object_component>
      <object_component id="oc-33e">
         <name>.debug_info</name>
         <load_address>0xe5b3</load_address>
         <run_address>0xe5b3</run_address>
         <size>0x254</size>
         <input_file_ref idref="fl-d"/>
      </object_component>
      <object_component id="oc-21f">
         <name>.debug_info</name>
         <load_address>0xe807</load_address>
         <run_address>0xe807</run_address>
         <size>0x29c</size>
         <input_file_ref idref="fl-d"/>
      </object_component>
      <object_component id="oc-29a">
         <name>.debug_info</name>
         <load_address>0xeaa3</load_address>
         <run_address>0xeaa3</run_address>
         <size>0x246</size>
         <input_file_ref idref="fl-d"/>
      </object_component>
      <object_component id="oc-29f">
         <name>.debug_info</name>
         <load_address>0xece9</load_address>
         <run_address>0xece9</run_address>
         <size>0x248</size>
         <input_file_ref idref="fl-d"/>
      </object_component>
      <object_component id="oc-310">
         <name>.debug_info</name>
         <load_address>0xef31</load_address>
         <run_address>0xef31</run_address>
         <size>0x2fd</size>
         <input_file_ref idref="fl-d"/>
      </object_component>
      <object_component id="oc-3f3">
         <name>.debug_info</name>
         <load_address>0xf22e</load_address>
         <run_address>0xf22e</run_address>
         <size>0x236</size>
         <input_file_ref idref="fl-d"/>
      </object_component>
      <object_component id="oc-3d">
         <name>.debug_info</name>
         <load_address>0xf464</load_address>
         <run_address>0xf464</run_address>
         <size>0x2b8</size>
         <input_file_ref idref="fl-e"/>
      </object_component>
      <object_component id="oc-28f">
         <name>.debug_info</name>
         <load_address>0xf71c</load_address>
         <run_address>0xf71c</run_address>
         <size>0x3de</size>
         <input_file_ref idref="fl-f"/>
      </object_component>
      <object_component id="oc-381">
         <name>.debug_info</name>
         <load_address>0xfafa</load_address>
         <run_address>0xfafa</run_address>
         <size>0x151</size>
         <input_file_ref idref="fl-f"/>
      </object_component>
      <object_component id="oc-289">
         <name>.debug_info</name>
         <load_address>0xfc4b</load_address>
         <run_address>0xfc4b</run_address>
         <size>0x151</size>
         <input_file_ref idref="fl-f"/>
      </object_component>
      <object_component id="oc-28c">
         <name>.debug_info</name>
         <load_address>0xfd9c</load_address>
         <run_address>0xfd9c</run_address>
         <size>0x14d</size>
         <input_file_ref idref="fl-f"/>
      </object_component>
      <object_component id="oc-286">
         <name>.debug_info</name>
         <load_address>0xfee9</load_address>
         <run_address>0xfee9</run_address>
         <size>0x16b</size>
         <input_file_ref idref="fl-f"/>
      </object_component>
      <object_component id="oc-3e5">
         <name>.debug_info</name>
         <load_address>0x10054</load_address>
         <run_address>0x10054</run_address>
         <size>0x2bf</size>
         <input_file_ref idref="fl-f"/>
      </object_component>
      <object_component id="oc-27a">
         <name>.debug_info</name>
         <load_address>0x10313</load_address>
         <run_address>0x10313</run_address>
         <size>0x230</size>
         <input_file_ref idref="fl-f"/>
      </object_component>
      <object_component id="oc-1e7">
         <name>.debug_info</name>
         <load_address>0x10543</load_address>
         <run_address>0x10543</run_address>
         <size>0x3a2</size>
         <input_file_ref idref="fl-f"/>
      </object_component>
      <object_component id="oc-38c">
         <name>.debug_info</name>
         <load_address>0x108e5</load_address>
         <run_address>0x108e5</run_address>
         <size>0x62</size>
         <input_file_ref idref="fl-f"/>
      </object_component>
      <object_component id="oc-1e0">
         <name>.debug_info</name>
         <load_address>0x10947</load_address>
         <run_address>0x10947</run_address>
         <size>0x2f4</size>
         <input_file_ref idref="fl-10"/>
      </object_component>
      <object_component id="oc-25f">
         <name>.debug_info</name>
         <load_address>0x10c3b</load_address>
         <run_address>0x10c3b</run_address>
         <size>0x135</size>
         <input_file_ref idref="fl-10"/>
      </object_component>
      <object_component id="oc-25c">
         <name>.debug_info</name>
         <load_address>0x10d70</load_address>
         <run_address>0x10d70</run_address>
         <size>0x13d</size>
         <input_file_ref idref="fl-10"/>
      </object_component>
      <object_component id="oc-259">
         <name>.debug_info</name>
         <load_address>0x10ead</load_address>
         <run_address>0x10ead</run_address>
         <size>0x141</size>
         <input_file_ref idref="fl-10"/>
      </object_component>
      <object_component id="oc-269">
         <name>.debug_info</name>
         <load_address>0x10fee</load_address>
         <run_address>0x10fee</run_address>
         <size>0x238</size>
         <input_file_ref idref="fl-10"/>
      </object_component>
      <object_component id="oc-1dd">
         <name>.debug_info</name>
         <load_address>0x11226</load_address>
         <run_address>0x11226</run_address>
         <size>0x36a</size>
         <input_file_ref idref="fl-10"/>
      </object_component>
      <object_component id="oc-12f">
         <name>.debug_info</name>
         <load_address>0x11590</load_address>
         <run_address>0x11590</run_address>
         <size>0x205</size>
         <input_file_ref idref="fl-10"/>
      </object_component>
      <object_component id="oc-261">
         <name>.debug_info</name>
         <load_address>0x11795</load_address>
         <run_address>0x11795</run_address>
         <size>0x283</size>
         <input_file_ref idref="fl-10"/>
      </object_component>
      <object_component id="oc-1d6">
         <name>.debug_info</name>
[...]
      </symbol>
      <symbol id="sm-bb">
         <name>xRxQueue</name>
         <value>0x20007994</value>
      </symbol>
      <symbol id="sm-bc">
         <name>g_pui8Msg1</name>
         <value>0x20007980</value>
      </symbol>
      <symbol id="sm-bd">
         <name>g_sCANMsgObject1</name>
         <value>0x20007940</value>
      </symbol>
      <symbol id="sm-be">
         <name>g_sCANMsgObject2</name>
         <value>0x20007954</value>
      </symbol>
      <symbol id="sm-bf">
         <name>xSendTokenHandle</name>
         <value>0x20007bc8</value>
         <object_component_ref idref="oc-3e0"/>
      </symbol>
      <symbol id="sm-c0">
         <name>g_bMsgObj3Sent</name>
         <value>0x20007bdc</value>
         <object_component_ref idref="oc-3e0"/>
      </symbol>
      <symbol id="sm-c1">
         <name>g_ui32IntCount</name>
         <value>0x20007bcc</value>
         <object_component_ref idref="oc-3e0"/>
      </symbol>
      <symbol id="sm-c2">
         <name>g_ui32Msg1Count</name>
         <value>0x20007bd0</value>
         <object_component_ref idref="oc-3e0"/>
      </symbol>
      <symbol id="sm-c3">
         <name>Int_flag</name>
         <value>0x20007bde</value>
         <object_component_ref idref="oc-3e0"/>
      </symbol>
      <symbol id="sm-c4">
         <name>g_ui32Msg3Count</name>
         <value>0x20007bd8</value>
         <object_component_ref idref="oc-3e0"/>
      </symbol>
      <symbol id="sm-c5">
         <name>g_ui32Msg2Count</name>
         <value>0x20007bd4</value>
         <object_component_ref idref="oc-3e0"/>
      </symbol>
      <symbol id="sm-c6">
         <name>CANTokenTaskInit</name>
         <value>0x1e21</value>
         <object_component_ref idref="oc-322"/>
      </symbol>
      <symbol id="sm-c7">
         <name>g_bErrFlag</name>
         <value>0x20007bdd</value>
         <object_component_ref idref="oc-3e0"/>
      </symbol>
      <symbol id="sm-c8">
         <name>CanInt</name>
         <value>0xd59</value>
         <object_component_ref idref="oc-404"/>
      </symbol>
      <symbol id="sm-fc">
         <name>g_pUARTSemaphore</name>
         <value>0x20007990</value>
      </symbol>
      <symbol id="sm-fd">
         <name>vApplicationStackOverflowHook</name>
         <value>0x1737</value>
         <object_component_ref idref="oc-e9"/>
      </symbol>
      <symbol id="sm-fe">
         <name>main</name>
         <value>0xec1</value>
         <object_component_ref idref="oc-cc"/>
      </symbol>
      <symbol id="sm-ff">
         <name>ConfigureUART</name>
         <value>0x160d</value>
         <object_component_ref idref="oc-125"/>
      </symbol>
      <symbol id="sm-11a">
         <name>GPIOF_Handler</name>
         <value>0x2165</value>
         <object_component_ref idref="oc-2fa"/>
      </symbol>
      <symbol id="sm-11b">
         <name>PORTF_init</name>
         <value>0x153d</value>
         <object_component_ref idref="oc-202"/>
      </symbol>
      <symbol id="sm-15b">
         <name>LEDTaskInit</name>
         <value>0x1401</value>
         <object_component_ref idref="oc-13d"/>
      </symbol>
      <symbol id="sm-15c">
         <name>xStartupHandle</name>
         <value>0x20007bec</value>
         <object_component_ref idref="oc-20e"/>
      </symbol>
      <symbol id="sm-15d">
         <name>xNormalHandle</name>
         <value>0x20007be8</value>
         <object_component_ref idref="oc-20e"/>
      </symbol>
      <symbol id="sm-18e">
         <name>ResetISR</name>
         <value>0x237f</value>
         <object_component_ref idref="oc-24"/>
      </symbol>
      <symbol id="sm-18f">
         <name>g_pfnVectors</name>
         <value>0x0</value>
         <object_component_ref idref="oc-f"/>
      </symbol>
      <symbol id="sm-1c7">
         <name>uxListRemove</name>
         <value>0x2145</value>
         <object_component_ref idref="oc-f9"/>
      </symbol>
      <symbol id="sm-1c8">
         <name>vListInsert</name>
         <value>0x1f0d</value>
         <object_component_ref idref="oc-3a1"/>
      </symbol>
      <symbol id="sm-1c9">
         <name>vListInitialiseItem</name>
         <value>0x238b</value>
         <object_component_ref idref="oc-3eb"/>
      </symbol>
      <symbol id="sm-1ca">
         <name>vListInsertEnd</name>
         <value>0x224d</value>
         <object_component_ref idref="oc-ff"/>
      </symbol>
      <symbol id="sm-1cb">
         <name>vListInitialise</name>
         <value>0x2295</value>
         <object_component_ref idref="oc-1ec"/>
      </symbol>
      <symbol id="sm-275">
         <name>xQueueGenericSendFromISR</name>
         <value>0x1915</value>
         <object_component_ref idref="oc-4e8"/>
      </symbol>
      <symbol id="sm-276">
         <name>xQueueGenericCreate</name>
         <value>0x1e5d</value>
         <object_component_ref idref="oc-137"/>
      </symbol>
      <symbol id="sm-277">
         <name>xQueueCreateMutex</name>
         <value>0x1b21</value>
         <object_component_ref idref="oc-131"/>
      </symbol>
      <symbol id="sm-278">
         <name>xQueueGenericSend</name>
         <value>0x9dd</value>
         <object_component_ref idref="oc-1f2"/>
      </symbol>
      <symbol id="sm-279">
         <name>xQueueGenericReset</name>
         <value>0x11a1</value>
         <object_component_ref idref="oc-1fb"/>
      </symbol>
      <symbol id="sm-27a">
         <name>xQueueGiveFromISR</name>
         <value>0x1a75</value>
         <object_component_ref idref="oc-4e2"/>
      </symbol>
      <symbol id="sm-27b">
         <name>xQueueGenericReceive</name>
         <value>0x6c1</value>
         <object_component_ref idref="oc-329"/>
      </symbol>
      <symbol id="sm-43f">
         <name>vTaskSuspendAll</name>
         <value>0x2309</value>
         <object_component_ref idref="oc-273"/>
      </symbol>
      <symbol id="sm-440">
         <name>vTaskPriorityInherit</name>
         <value>0x1001</value>
         <object_component_ref idref="oc-417"/>
      </symbol>
      <symbol id="sm-441">
         <name>vTaskPlaceOnEventList</name>
         <value>0x1671</value>
         <object_component_ref idref="oc-2b5"/>
      </symbol>
      <symbol id="sm-442">
         <name>xTaskCheckForTimeOut</name>
         <value>0x1acd</value>
         <object_component_ref idref="oc-2a3"/>
      </symbol>
      <symbol id="sm-443">
         <name>xTaskPriorityDisinherit</name>
         <value>0x12a1</value>
         <object_component_ref idref="oc-3b1"/>
      </symbol>
      <symbol id="sm-444">
         <name>vTaskStartScheduler</name>
         <value>0x1859</value>
         <object_component_ref idref="oc-143"/>
      </symbol>
      <symbol id="sm-445">
         <name>pvTaskIncrementMutexHeldCount</name>
         <value>0x2235</value>
         <object_component_ref idref="oc-423"/>
      </symbol>
      <symbol id="sm-446">
         <name>vTaskDelayUntil</name>
         <value>0x111d</value>
         <object_component_ref idref="oc-335"/>
      </symbol>
      <symbol id="sm-447">
         <name>vTaskMissedYield</name>
         <value>0x2341</value>
         <object_component_ref idref="oc-399"/>
      </symbol>
      <symbol id="sm-448">
         <name>xTaskResumeAll</name>
         <value>0xac5</value>
         <object_component_ref idref="oc-27f"/>
      </symbol>
      <symbol id="sm-449">
         <name>xTaskGetTickCount</name>
         <value>0x234d</value>
         <object_component_ref idref="oc-32f"/>
      </symbol>
      <symbol id="sm-44a">
         <name>xTaskGenericCreate</name>
         <value>0x8dd</value>
         <object_component_ref idref="oc-208"/>
      </symbol>
      <symbol id="sm-44b">
         <name>pxCurrentTCB</name>
         <value>0x20007b98</value>
         <object_component_ref idref="oc-8b"/>
      </symbol>
      <symbol id="sm-44c">
         <name>vTaskSetTimeOutState</name>
         <value>0x227d</value>
         <object_component_ref idref="oc-291"/>
      </symbol>
      <symbol id="sm-44d">
         <name>xTaskIncrementTick</name>
         <value>0x7d9</value>
         <object_component_ref idref="oc-98"/>
      </symbol>
      <symbol id="sm-44e">
         <name>vTaskSwitchContext</name>
         <value>0x1091</value>
         <object_component_ref idref="oc-91"/>
      </symbol>
      <symbol id="sm-44f">
         <name>xTaskRemoveFromEventList</name>
         <value>0x1319</value>
         <object_component_ref idref="oc-2c1"/>
      </symbol>
      <symbol id="sm-4a9">
         <name>ulMaxSyscallInterruptPriority</name>
         <value>0x2648</value>
         <object_component_ref idref="oc-8e"/>
      </symbol>
      <symbol id="sm-4aa">
         <name>vPortSetupTimerInterrupt</name>
         <value>0x22ad</value>
         <object_component_ref idref="oc-33c"/>
      </symbol>
      <symbol id="sm-4ab">
         <name>xPortSysTickHandler</name>
         <value>0x2011</value>
         <object_component_ref idref="oc-41"/>
      </symbol>
      <symbol id="sm-4ac">
         <name>pxPortInitialiseStack</name>
         <value>0x2091</value>
         <object_component_ref idref="oc-30d"/>
      </symbol>
      <symbol id="sm-4ad">
         <name>vPortExitCritical</name>
         <value>0x2265</value>
         <object_component_ref idref="oc-297"/>
      </symbol>
      <symbol id="sm-4ae">
         <name>xPortStartScheduler</name>
         <value>0x1de1</value>
         <object_component_ref idref="oc-21e"/>
      </symbol>
      <symbol id="sm-4af">
         <name>vPortEnterCritical</name>
         <value>0x219d</value>
         <object_component_ref idref="oc-29d"/>
      </symbol>
      <symbol id="sm-4be">
         <name>vPortStartFirstTask</name>
         <value>0xd2d</value>
         <object_component_ref idref="oc-3c"/>
      </symbol>
      <symbol id="sm-4bf">
         <name>ulPortGetIPSR</name>
         <value>0xc95</value>
         <object_component_ref idref="oc-3c"/>
      </symbol>
      <symbol id="sm-4c0">
         <name>vPortEnableVFP</name>
         <value>0xd49</value>
         <object_component_ref idref="oc-3c"/>
      </symbol>
      <symbol id="sm-4c1">
         <name>xPortPendSVHandler</name>
         <value>0xcad</value>
         <object_component_ref idref="oc-3c"/>
      </symbol>
      <symbol id="sm-4c2">
         <name>vPortSVCHandler</name>
         <value>0xd0d</value>
         <object_component_ref idref="oc-3c"/>
      </symbol>
      <symbol id="sm-517">
         <name>pvPortMalloc</name>
         <value>0xe15</value>
         <object_component_ref idref="oc-1e6"/>
      </symbol>
      <symbol id="sm-518">
         <name>vPortFree</name>
         <value>0x1d1d</value>
         <object_component_ref idref="oc-3e4"/>
      </symbol>
      <symbol id="sm-586">
         <name>UARTStdioConfig</name>
         <value>0x1799</value>
         <object_component_ref idref="oc-1d2"/>
      </symbol>
      <symbol id="sm-587">
         <name>UARTwrite</name>
         <value>0x1c4d</value>
         <object_component_ref idref="oc-265"/>
      </symbol>
      <symbol id="sm-588">
         <name>UARTprintf</name>
         <value>0x21b9</value>
         <object_component_ref idref="oc-12b"/>
      </symbol>
      <symbol id="sm-589">
         <name>UARTvprintf</name>
         <value>0x26d</value>
         <object_component_ref idref="oc-1d9"/>
      </symbol>
      <symbol id="sm-5a6">
         <name>memcpy</name>
         <value>0xf65</value>
         <object_component_ref idref="oc-55"/>
      </symbol>
      <symbol id="sm-5a7">
         <name>__aeabi_memcpy</name>
         <value>0xf65</value>
         <object_component_ref idref="oc-55"/>
      </symbol>
      <symbol id="sm-5a8">
         <name>__aeabi_memcpy8</name>
         <value>0xf65</value>
         <object_component_ref idref="oc-55"/>
      </symbol>
      <symbol id="sm-5a9">
         <name>__aeabi_memcpy4</name>
         <value>0xf65</value>
         <object_component_ref idref="oc-55"/>
      </symbol>
      <symbol id="sm-5b8">
         <name>__aeabi_uidivmod</name>
         <value>0x1da1</value>
         <object_component_ref idref="oc-26b"/>
      </symbol>
      <symbol id="sm-5b9">
         <name>__aeabi_uidiv</name>
         <value>0x1da1</value>
         <object_component_ref idref="oc-26b"/>
      </symbol>
      <symbol id="sm-5c8">
         <name>__aeabi_memset</name>
         <value>0x1227</value>
         <object_component_ref idref="oc-c0"/>
      </symbol>
      <symbol id="sm-5c9">
         <name>memset</name>
         <value>0x122d</value>
         <object_component_ref idref="oc-c0"/>
      </symbol>
      <symbol id="sm-5ca">
         <name>__aeabi_memset8</name>
         <value>0x1227</value>
         <object_component_ref idref="oc-c0"/>
      </symbol>
      <symbol id="sm-5cb">
         <name>__aeabi_memset4</name>
         <value>0x1227</value>
         <object_component_ref idref="oc-c0"/>
      </symbol>
      <symbol id="sm-5cc">
         <name>__aeabi_memclr8</name>
         <value>0x1225</value>
         <object_component_ref idref="oc-c0"/>
      </symbol>
      <symbol id="sm-5cd">
         <name>__aeabi_memclr4</name>
         <value>0x1225</value>
         <object_component_ref idref="oc-c0"/>
      </symbol>
      <symbol id="sm-5ce">
         <name>__aeabi_memclr</name>
         <value>0x1225</value>
         <object_component_ref idref="oc-c0"/>
      </symbol>
      <symbol id="sm-5e5">
         <name>__TI_zero_init</name>
         <value>0x2333</value>
         <object_component_ref idref="oc-67"/>
      </symbol>
      <symbol id="sm-5fc">
         <name>__TI_decompress_none</name>
         <value>0x2319</value>
         <object_component_ref idref="oc-18"/>
      </symbol>
      <symbol id="sm-61f">
         <name>__TI_decompress_lzss</name>
         <value>0x15a5</value>
         <object_component_ref idref="oc-12"/>
      </symbol>
      <symbol id="sm-632">
         <name>__stack</name>
         <value>0x20007998</value>
         <object_component_ref idref="oc-21"/>
      </symbol>
      <symbol id="sm-633">
         <name>_c_int00_noargs</name>
         <value>0x1fad</value>
         <object_component_ref idref="oc-73"/>
      </symbol>
      <symbol id="sm-63d">
         <name>__aeabi_idiv0</name>
         <value>0x13ff</value>
         <object_component_ref idref="oc-379"/>
      </symbol>
      <symbol id="sm-63e">
         <name>__aeabi_ldiv0</name>
         <value>0x13ff</value>
         <object_component_ref idref="oc-379"/>
      </symbol>
      <symbol id="sm-666">
         <name>__TI_auto_init_nobinit_nopinit</name>
         <value>0x1cd9</value>
         <object_component_ref idref="oc-15e"/>
      </symbol>
      <symbol id="sm-670">
         <name>_system_pre_init</name>
         <value>0x2391</value>
         <object_component_ref idref="oc-c6"/>
      </symbol>
      <symbol id="sm-67c">
         <name>C$$EXIT</name>
         <value>0x2395</value>
         <object_component_ref idref="oc-152"/>
      </symbol>
      <symbol id="sm-67d">
         <name>abort</name>
         <value>0x2395</value>
         <object_component_ref idref="oc-152"/>
      </symbol>
      <symbol id="sm-70c">
         <name>CANIntRegister</name>
         <value>0x21ed</value>
         <object_component_ref idref="oc-48e"/>
      </symbol>
      <symbol id="sm-70d">
         <name>CANEnable</name>
         <value>0x2359</value>
         <object_component_ref idref="oc-494"/>
      </symbol>
      <symbol id="sm-70e">
         <name>CANStatusGet</name>
         <value>0x1d61</value>
         <object_component_ref idref="oc-4ee"/>
      </symbol>
      <symbol id="sm-70f">
         <name>CANMessageSet</name>
         <value>0x457</value>
         <object_component_ref idref="oc-49a"/>
      </symbol>
      <symbol id="sm-710">
         <name>CANIntClear</name>
         <value>0x2103</value>
         <object_component_ref idref="oc-4dc"/>
      </symbol>
      <symbol id="sm-711">
         <name>CANIntStatus</name>
         <value>0x2125</value>
         <object_component_ref idref="oc-4d6"/>
      </symbol>
      <symbol id="sm-712">
         <name>CANInit</name>
         <value>0x1e99</value>
         <object_component_ref idref="oc-482"/>
      </symbol>
      <symbol id="sm-713">
         <name>CANIntEnable</name>
         <value>0x2363</value>
         <object_component_ref idref="oc-488"/>
      </symbol>
      <symbol id="sm-79c">
         <name>GPIOIntRegister</name>
         <value>0x2205</value>
         <object_component_ref idref="oc-2ee"/>
      </symbol>
      <symbol id="sm-79d">
         <name>GPIOPinConfigure</name>
         <value>0x1bbd</value>
         <object_component_ref idref="oc-476"/>
      </symbol>
      <symbol id="sm-79e">
         <name>GPIOIntEnable</name>
         <value>0x2327</value>
         <object_component_ref idref="oc-2f4"/>
      </symbol>
      <symbol id="sm-79f">
         <name>GPIOIntTypeSet</name>
         <value>0x19c9</value>
         <object_component_ref idref="oc-2e8"/>
      </symbol>
      <symbol id="sm-7a0">
         <name>GPIOPinTypeGPIOInput</name>
         <value>0x22d3</value>
         <object_component_ref idref="oc-2d6"/>
      </symbol>
      <symbol id="sm-7a1">
         <name>GPIOIntClear</name>
         <value>0x2373</value>
         <object_component_ref idref="oc-3da"/>
      </symbol>
      <symbol id="sm-7a2">
         <name>GPIOPinTypeGPIOOutput</name>
         <value>0x221d</value>
         <object_component_ref idref="oc-2dc"/>
      </symbol>
      <symbol id="sm-7a3">
         <name>GPIODirModeSet</name>
         <value>0x203d</value>
         <object_component_ref idref="oc-3bb"/>
      </symbol>
      <symbol id="sm-7a4">
         <name>GPIOPinWrite</name>
         <value>0x2379</value>
         <object_component_ref idref="oc-31c"/>
      </symbol>
      <symbol id="sm-7a5">
         <name>GPIOPadConfigSet</name>
         <value>0x58d</value>
         <object_component_ref idref="oc-2e2"/>
      </symbol>
      <symbol id="sm-7a6">
         <name>GPIOPinTypeCAN</name>
         <value>0x22c1</value>
         <object_component_ref idref="oc-47c"/>
      </symbol>
      <symbol id="sm-7df">
         <name>IntEnable</name>
         <value>0x146d</value>
         <object_component_ref idref="oc-3d2"/>
      </symbol>
      <symbol id="sm-7e0">
         <name>IntRegister</name>
         <value>0x1f45</value>
         <object_component_ref idref="oc-3cc"/>
      </symbol>
      <symbol id="sm-7e1">
         <name>g_pfnRAMVectors</name>
         <value>0x20000000</value>
         <object_component_ref idref="oc-461"/>
      </symbol>
      <symbol id="sm-7f5">
         <name>SysCtlPeripheralEnable</name>
         <value>0x1f79</value>
         <object_component_ref idref="oc-2d0"/>
      </symbol>
      <symbol id="sm-802">
         <name>UARTClockSourceSet</name>
         <value>0x2385</value>
         <object_component_ref idref="oc-1cc"/>
      </symbol>
      <symbol id="sm-804">
         <name>__TI_static_base__</name>
         <value>0x0</value>
      </symbol>
      <symbol id="sm-807">
         <name>__mpu_init</name>
         <value>0x0</value>
      </symbol>
      <symbol id="sm-808">
         <name>_system_post_cinit</name>
         <value>0x0</value>
      </symbol>
   </symbol_table>
   <title>Link successful</title>
</link_info>
